../USB_Device/Target/usbd_conf.c:788:20:USBD_Get_USB_Status	0	static
../USB_Device/Target/usbd_conf.c:80:6:HAL_PCD_MspInit	96	static
../USB_Device/Target/usbd_conf.c:122:6:HAL_PCD_MspDeInit	8	static
../USB_Device/Target/usbd_conf.c:149:6:HAL_PCD_SetupStageCallback	8	static
../USB_Device/Target/usbd_conf.c:170:6:HAL_PCD_DataOutStageCallback	8	static
../USB_Device/Target/usbd_conf.c:191:6:HAL_PCD_DataInStageCallback	8	static
../USB_Device/Target/usbd_conf.c:211:6:HAL_PCD_SOFCallback	8	static
../USB_Device/Target/usbd_conf.c:231:6:HAL_PCD_ResetCallback	16	static
../USB_Device/Target/usbd_conf.c:261:6:HAL_PCD_SuspendCallback	8	static
../USB_Device/Target/usbd_conf.c:292:6:HAL_PCD_ResumeCallback	8	static
../USB_Device/Target/usbd_conf.c:324:6:HAL_PCD_ISOOUTIncompleteCallback	8	static
../USB_Device/Target/usbd_conf.c:345:6:HAL_PCD_ISOINIncompleteCallback	8	static
../USB_Device/Target/usbd_conf.c:365:6:HAL_PCD_ConnectCallback	8	static
../USB_Device/Target/usbd_conf.c:385:6:HAL_PCD_DisconnectCallback	8	static
../USB_Device/Target/usbd_conf.c:410:20:USBD_LL_Init	16	static
../USB_Device/Target/usbd_conf.c:471:20:USBD_LL_DeInit	8	static
../USB_Device/Target/usbd_conf.c:488:20:USBD_LL_Start	8	static
../USB_Device/Target/usbd_conf.c:505:20:USBD_LL_Stop	8	static
../USB_Device/Target/usbd_conf.c:525:20:USBD_LL_OpenEP	8	static
../USB_Device/Target/usbd_conf.c:543:20:USBD_LL_CloseEP	8	static
../USB_Device/Target/usbd_conf.c:561:20:USBD_LL_FlushEP	8	static
../USB_Device/Target/usbd_conf.c:579:20:USBD_LL_StallEP	8	static
../USB_Device/Target/usbd_conf.c:597:20:USBD_LL_ClearStallEP	8	static
../USB_Device/Target/usbd_conf.c:615:9:USBD_LL_IsStallEP	0	static
../USB_Device/Target/usbd_conf.c:635:20:USBD_LL_SetUSBAddress	8	static
../USB_Device/Target/usbd_conf.c:655:20:USBD_LL_Transmit	8	static
../USB_Device/Target/usbd_conf.c:675:20:USBD_LL_PrepareReceive	8	static
../USB_Device/Target/usbd_conf.c:693:10:USBD_LL_GetRxDataSize	8	static
../USB_Device/Target/usbd_conf.c:707:6:HAL_PCDEx_LPM_Callback	8	static
../USB_Device/Target/usbd_conf.c:745:7:USBD_static_malloc	0	static
../USB_Device/Target/usbd_conf.c:756:6:USBD_static_free	0	static
../USB_Device/Target/usbd_conf.c:766:6:USBD_LL_Delay	8	static
