Archive member included to satisfy reference by file (symbol)

C:/ST/STM32CubeIDE_1.19.0/STM32CubeIDE/plugins/com.st.stm32cube.ide.mcu.externaltools.gnu-tools-for-stm32.13.3.rel1.win32_1.0.0.202411081344/tools/bin/../lib/gcc/arm-none-eabi/13.3.1/../../../../arm-none-eabi/lib/thumb/v6-m/nofp\libc_nano.a(libc_a-exit.o)
                              C:/ST/STM32CubeIDE_1.19.0/STM32CubeIDE/plugins/com.st.stm32cube.ide.mcu.externaltools.gnu-tools-for-stm32.13.3.rel1.win32_1.0.0.202411081344/tools/bin/../lib/gcc/arm-none-eabi/13.3.1/../../../../arm-none-eabi/lib/thumb/v6-m/nofp/crt0.o (exit)
C:/ST/STM32CubeIDE_1.19.0/STM32CubeIDE/plugins/com.st.stm32cube.ide.mcu.externaltools.gnu-tools-for-stm32.13.3.rel1.win32_1.0.0.202411081344/tools/bin/../lib/gcc/arm-none-eabi/13.3.1/../../../../arm-none-eabi/lib/thumb/v6-m/nofp\libc_nano.a(libc_a-findfp.o)
                              C:/ST/STM32CubeIDE_1.19.0/STM32CubeIDE/plugins/com.st.stm32cube.ide.mcu.externaltools.gnu-tools-for-stm32.13.3.rel1.win32_1.0.0.202411081344/tools/bin/../lib/gcc/arm-none-eabi/13.3.1/../../../../arm-none-eabi/lib/thumb/v6-m/nofp\libc_nano.a(libc_a-exit.o) (__stdio_exit_handler)
C:/ST/STM32CubeIDE_1.19.0/STM32CubeIDE/plugins/com.st.stm32cube.ide.mcu.externaltools.gnu-tools-for-stm32.13.3.rel1.win32_1.0.0.202411081344/tools/bin/../lib/gcc/arm-none-eabi/13.3.1/../../../../arm-none-eabi/lib/thumb/v6-m/nofp\libc_nano.a(libc_a-fwalk.o)
                              C:/ST/STM32CubeIDE_1.19.0/STM32CubeIDE/plugins/com.st.stm32cube.ide.mcu.externaltools.gnu-tools-for-stm32.13.3.rel1.win32_1.0.0.202411081344/tools/bin/../lib/gcc/arm-none-eabi/13.3.1/../../../../arm-none-eabi/lib/thumb/v6-m/nofp\libc_nano.a(libc_a-findfp.o) (_fwalk_sglue)
C:/ST/STM32CubeIDE_1.19.0/STM32CubeIDE/plugins/com.st.stm32cube.ide.mcu.externaltools.gnu-tools-for-stm32.13.3.rel1.win32_1.0.0.202411081344/tools/bin/../lib/gcc/arm-none-eabi/13.3.1/../../../../arm-none-eabi/lib/thumb/v6-m/nofp\libc_nano.a(libc_a-stdio.o)
                              C:/ST/STM32CubeIDE_1.19.0/STM32CubeIDE/plugins/com.st.stm32cube.ide.mcu.externaltools.gnu-tools-for-stm32.13.3.rel1.win32_1.0.0.202411081344/tools/bin/../lib/gcc/arm-none-eabi/13.3.1/../../../../arm-none-eabi/lib/thumb/v6-m/nofp\libc_nano.a(libc_a-findfp.o) (__sread)
C:/ST/STM32CubeIDE_1.19.0/STM32CubeIDE/plugins/com.st.stm32cube.ide.mcu.externaltools.gnu-tools-for-stm32.13.3.rel1.win32_1.0.0.202411081344/tools/bin/../lib/gcc/arm-none-eabi/13.3.1/../../../../arm-none-eabi/lib/thumb/v6-m/nofp\libc_nano.a(libc_a-memset.o)
                              C:/ST/STM32CubeIDE_1.19.0/STM32CubeIDE/plugins/com.st.stm32cube.ide.mcu.externaltools.gnu-tools-for-stm32.13.3.rel1.win32_1.0.0.202411081344/tools/bin/../lib/gcc/arm-none-eabi/13.3.1/../../../../arm-none-eabi/lib/thumb/v6-m/nofp/crt0.o (memset)
C:/ST/STM32CubeIDE_1.19.0/STM32CubeIDE/plugins/com.st.stm32cube.ide.mcu.externaltools.gnu-tools-for-stm32.13.3.rel1.win32_1.0.0.202411081344/tools/bin/../lib/gcc/arm-none-eabi/13.3.1/../../../../arm-none-eabi/lib/thumb/v6-m/nofp\libc_nano.a(libc_a-closer.o)
                              C:/ST/STM32CubeIDE_1.19.0/STM32CubeIDE/plugins/com.st.stm32cube.ide.mcu.externaltools.gnu-tools-for-stm32.13.3.rel1.win32_1.0.0.202411081344/tools/bin/../lib/gcc/arm-none-eabi/13.3.1/../../../../arm-none-eabi/lib/thumb/v6-m/nofp\libc_nano.a(libc_a-stdio.o) (_close_r)
C:/ST/STM32CubeIDE_1.19.0/STM32CubeIDE/plugins/com.st.stm32cube.ide.mcu.externaltools.gnu-tools-for-stm32.13.3.rel1.win32_1.0.0.202411081344/tools/bin/../lib/gcc/arm-none-eabi/13.3.1/../../../../arm-none-eabi/lib/thumb/v6-m/nofp\libc_nano.a(libc_a-reent.o)
                              C:/ST/STM32CubeIDE_1.19.0/STM32CubeIDE/plugins/com.st.stm32cube.ide.mcu.externaltools.gnu-tools-for-stm32.13.3.rel1.win32_1.0.0.202411081344/tools/bin/../lib/gcc/arm-none-eabi/13.3.1/../../../../arm-none-eabi/lib/thumb/v6-m/nofp\libc_nano.a(libc_a-closer.o) (errno)
C:/ST/STM32CubeIDE_1.19.0/STM32CubeIDE/plugins/com.st.stm32cube.ide.mcu.externaltools.gnu-tools-for-stm32.13.3.rel1.win32_1.0.0.202411081344/tools/bin/../lib/gcc/arm-none-eabi/13.3.1/../../../../arm-none-eabi/lib/thumb/v6-m/nofp\libc_nano.a(libc_a-impure.o)
                              C:/ST/STM32CubeIDE_1.19.0/STM32CubeIDE/plugins/com.st.stm32cube.ide.mcu.externaltools.gnu-tools-for-stm32.13.3.rel1.win32_1.0.0.202411081344/tools/bin/../lib/gcc/arm-none-eabi/13.3.1/../../../../arm-none-eabi/lib/thumb/v6-m/nofp\libc_nano.a(libc_a-reent.o) (_impure_ptr)
C:/ST/STM32CubeIDE_1.19.0/STM32CubeIDE/plugins/com.st.stm32cube.ide.mcu.externaltools.gnu-tools-for-stm32.13.3.rel1.win32_1.0.0.202411081344/tools/bin/../lib/gcc/arm-none-eabi/13.3.1/../../../../arm-none-eabi/lib/thumb/v6-m/nofp\libc_nano.a(libc_a-lseekr.o)
[...]
Memory Configuration

Name             Origin             Length             Attributes
RAM              0x20000000         0x00024000         xrw
FLASH            0x08000000         0x00020000         xr
*default*        0x00000000         0xffffffff

Linker script and memory map

LOAD C:/ST/STM32CubeIDE_1.19.0/STM32CubeIDE/plugins/com.st.stm32cube.ide.mcu.externaltools.gnu-tools-for-stm32.13.3.rel1.win32_1.0.0.202411081344/tools/bin/../lib/gcc/arm-none-eabi/13.3.1/thumb/v6-m/nofp/crti.o
LOAD C:/ST/STM32CubeIDE_1.19.0/STM32CubeIDE/plugins/com.st.stm32cube.ide.mcu.externaltools.gnu-tools-for-stm32.13.3.rel1.win32_1.0.0.202411081344/tools/bin/../lib/gcc/arm-none-eabi/13.3.1/thumb/v6-m/nofp/crtbegin.o
LOAD C:/ST/STM32CubeIDE_1.19.0/STM32CubeIDE/plugins/com.st.stm32cube.ide.mcu.externaltools.gnu-tools-for-stm32.13.3.rel1.win32_1.0.0.202411081344/tools/bin/../lib/gcc/arm-none-eabi/13.3.1/../../../../arm-none-eabi/lib/thumb/v6-m/nofp/crt0.o
LOAD ./Core/Src/main.o
LOAD ./Core/Src/stm32g0xx_hal_msp.o
LOAD ./Core/Src/stm32g0xx_it.o
LOAD ./Core/Src/syscalls.o
LOAD ./Core/Src/sysmem.o
LOAD ./Core/Src/system_stm32g0xx.o
LOAD ./Core/Src/usbd_hid_keyboard.o
LOAD ./Core/Startup/startup_stm32g0b1kbuxn.o
LOAD ./Drivers/STM32G0xx_HAL_Driver/Src/stm32g0xx_hal.o
LOAD ./Drivers/STM32G0xx_HAL_Driver/Src/stm32g0xx_hal_cortex.o
LOAD ./Drivers/STM32G0xx_HAL_Driver/Src/stm32g0xx_hal_dma.o
LOAD ./Drivers/STM32G0xx_HAL_Driver/Src/stm32g0xx_hal_dma_ex.o
LOAD ./Drivers/STM32G0xx_HAL_Driver/Src/stm32g0xx_hal_exti.o
LOAD ./Drivers/STM32G0xx_HAL_Driver/Src/stm32g0xx_hal_flash.o
LOAD ./Drivers/STM32G0xx_HAL_Driver/Src/stm32g0xx_hal_flash_ex.o
LOAD ./Drivers/STM32G0xx_HAL_Driver/Src/stm32g0xx_hal_gpio.o
LOAD ./Drivers/STM32G0xx_HAL_Driver/Src/stm32g0xx_hal_pcd.o
LOAD ./Drivers/STM32G0xx_HAL_Driver/Src/stm32g0xx_hal_pcd_ex.o
LOAD ./Drivers/STM32G0xx_HAL_Driver/Src/stm32g0xx_hal_pwr.o
LOAD ./Drivers/STM32G0xx_HAL_Driver/Src/stm32g0xx_hal_pwr_ex.o
LOAD ./Drivers/STM32G0xx_HAL_Driver/Src/stm32g0xx_hal_rcc.o
LOAD ./Drivers/STM32G0xx_HAL_Driver/Src/stm32g0xx_hal_rcc_ex.o
LOAD ./Drivers/STM32G0xx_HAL_Driver/Src/stm32g0xx_ll_rcc.o
LOAD ./Drivers/STM32G0xx_HAL_Driver/Src/stm32g0xx_ll_usb.o
LOAD ./Middlewares/ST/STM32_USB_Device_Library/Core/Src/usbd_core.o
LOAD ./Middlewares/ST/STM32_USB_Device_Library/Core/Src/usbd_ctlreq.o
LOAD ./Middlewares/ST/STM32_USB_Device_Library/Core/Src/usbd_ioreq.o
LOAD ./USB_Device/App/usb_device.o
LOAD ./USB_Device/App/usbd_desc.o
LOAD ./USB_Device/Target/usbd_conf.o
START GROUP
LOAD C:/ST/STM32CubeIDE_1.19.0/STM32CubeIDE/plugins/com.st.stm32cube.ide.mcu.externaltools.gnu-tools-for-stm32.13.3.rel1.win32_1.0.0.202411081344/tools/bin/../lib/gcc/arm-none-eabi/13.3.1/../../../../arm-none-eabi/lib/thumb/v6-m/nofp\libc_nano.a
LOAD C:/ST/STM32CubeIDE_1.19.0/STM32CubeIDE/plugins/com.st.stm32cube.ide.mcu.externaltools.gnu-tools-for-stm32.13.3.rel1.win32_1.0.0.202411081344/tools/bin/../lib/gcc/arm-none-eabi/13.3.1/../../../../arm-none-eabi/lib/thumb/v6-m/nofp\libm.a
END GROUP
START GROUP
LOAD C:/ST/STM32CubeIDE_1.19.0/STM32CubeIDE/plugins/com.st.stm32cube.ide.mcu.externaltools.gnu-tools-for-stm32.13.3.rel1.win32_1.0.0.202411081344/tools/bin/../lib/gcc/arm-none-eabi/13.3.1/thumb/v6-m/nofp\libgcc.a
LOAD C:/ST/STM32CubeIDE_1.19.0/STM32CubeIDE/plugins/com.st.stm32cube.ide.mcu.externaltools.gnu-tools-for-stm32.13.3.rel1.win32_1.0.0.202411081344/tools/bin/../lib/gcc/arm-none-eabi/13.3.1/../../../../arm-none-eabi/lib/thumb/v6-m/nofp\libc_nano.a
END GROUP
START GROUP
LOAD C:/ST/STM32CubeIDE_1.19.0/STM32CubeIDE/plugins/com.st.stm32cube.ide.mcu.externaltools.gnu-tools-for-stm32.13.3.rel1.win32_1.0.0.202411081344/tools/bin/../lib/gcc/arm-none-eabi/13.3.1/thumb/v6-m/nofp\libgcc.a
LOAD C:/ST/STM32CubeIDE_1.19.0/STM32CubeIDE/plugins/com.st.stm32cube.ide.mcu.externaltools.gnu-tools-for-stm32.13.3.rel1.win32_1.0.0.202411081344/tools/bin/../lib/gcc/arm-none-eabi/13.3.1/../../../../arm-none-eabi/lib/thumb/v6-m/nofp\libc_nano.a
LOAD C:/ST/STM32CubeIDE_1.19.0/STM32CubeIDE/plugins/com.st.stm32cube.ide.mcu.externaltools.gnu-tools-for-stm32.13.3.rel1.win32_1.0.0.202411081344/tools/bin/../lib/gcc/arm-none-eabi/13.3.1/../../../../arm-none-eabi/lib/thumb/v6-m/nofp\libnosys.a
END GROUP
START GROUP
LOAD C:/ST/STM32CubeIDE_1.19.0/STM32CubeIDE/plugins/com.st.stm32cube.ide.mcu.externaltools.gnu-tools-for-stm32.13.3.rel1.win32_1.0.0.202411081344/tools/bin/../lib/gcc/arm-none-eabi/13.3.1/thumb/v6-m/nofp\libgcc.a
LOAD C:/ST/STM32CubeIDE_1.19.0/STM32CubeIDE/plugins/com.st.stm32cube.ide.mcu.externaltools.gnu-tools-for-stm32.13.3.rel1.win32_1.0.0.202411081344/tools/bin/../lib/gcc/arm-none-eabi/13.3.1/../../../../arm-none-eabi/lib/thumb/v6-m/nofp\libc_nano.a
LOAD C:/ST/STM32CubeIDE_1.19.0/STM32CubeIDE/plugins/com.st.stm32cube.ide.mcu.externaltools.gnu-tools-for-stm32.13.3.rel1.win32_1.0.0.202411081344/tools/bin/../lib/gcc/arm-none-eabi/13.3.1/../../../../arm-none-eabi/lib/thumb/v6-m/nofp\libnosys.a
END GROUP
LOAD C:/ST/STM32CubeIDE_1.19.0/STM32CubeIDE/plugins/com.st.stm32cube.ide.mcu.externaltools.gnu-tools-for-stm32.13.3.rel1.win32_1.0.0.202411081344/tools/bin/../lib/gcc/arm-none-eabi/13.3.1/thumb/v6-m/nofp/crtend.o
LOAD C:/ST/STM32CubeIDE_1.19.0/STM32CubeIDE/plugins/com.st.stm32cube.ide.mcu.externaltools.gnu-tools-for-stm32.13.3.rel1.win32_1.0.0.202411081344/tools/bin/../lib/gcc/arm-none-eabi/13.3.1/thumb/v6-m/nofp/crtn.o
                0x20024000                        _estack = (ORIGIN (RAM) + LENGTH (RAM))
                0x00000200                        _Min_Heap_Size = 0x200
                0x00000400                        _Min_Stack_Size = 0x400

.isr_vector     0x08000000       0xbc
                0x08000000                        . = ALIGN (0x4)
 *(.isr_vector)
 .isr_vector    0x08000000       0xbc ./Core/Startup/startup_stm32g0b1kbuxn.o
                0x08000000                g_pfnVectors
                0x080000bc                        . = ALIGN (0x4)

.text           0x080000bc     0x3630
                0x080000bc                        . = ALIGN (0x4)
 *(.text)
 .text          0x080000bc       0x48 C:/ST/STM32CubeIDE_1.19.0/STM32CubeIDE/plugins/com.st.stm32cube.ide.mcu.externaltools.gnu-tools-for-stm32.13.3.rel1.win32_1.0.0.202411081344/tools/bin/../lib/gcc/arm-none-eabi/13.3.1/thumb/v6-m/nofp/crtbegin.o
 .text          0x08000104        0xe C:/ST/STM32CubeIDE_1.19.0/STM32CubeIDE/plugins/com.st.stm32cube.ide.mcu.externaltools.gnu-tools-for-stm32.13.3.rel1.win32_1.0.0.202411081344/tools/bin/../lib/gcc/arm-none-eabi/13.3.1/../../../../arm-none-eabi/lib/thumb/v6-m/nofp\libc_nano.a(libc_a-strlen.o)
                0x08000104                strlen
 *fill*         0x08000112        0x2 
 .text          0x08000114       0x14 C:/ST/STM32CubeIDE_1.19.0/STM32CubeIDE/plugins/com.st.stm32cube.ide.mcu.externaltools.gnu-tools-for-stm32.13.3.rel1.win32_1.0.0.202411081344/tools/bin/../lib/gcc/arm-none-eabi/13.3.1/thumb/v6-m/nofp\libgcc.a(_thumb1_case_sqi.o)
                0x08000114                __gnu_thumb1_case_sqi
 .text          0x08000128       0x14 C:/ST/STM32CubeIDE_1.19.0/STM32CubeIDE/plugins/com.st.stm32cube.ide.mcu.externaltools.gnu-tools-for-stm32.13.3.rel1.win32_1.0.0.202411081344/tools/bin/../lib/gcc/arm-none-eabi/13.3.1/thumb/v6-m/nofp\libgcc.a(_thumb1_case_uqi.o)
                0x08000128                __gnu_thumb1_case_uqi
 .text          0x0800013c       0x14 C:/ST/STM32CubeIDE_1.19.0/STM32CubeIDE/plugins/com.st.stm32cube.ide.mcu.externaltools.gnu-tools-for-stm32.13.3.rel1.win32_1.0.0.202411081344/tools/bin/../lib/gcc/arm-none-eabi/13.3.1/thumb/v6-m/nofp\libgcc.a(_thumb1_case_shi.o)
                0x0800013c                __gnu_thumb1_case_shi
 .text          0x08000150      0x114 C:/ST/STM32CubeIDE_1.19.0/STM32CubeIDE/plugins/com.st.stm32cube.ide.mcu.externaltools.gnu-tools-for-stm32.13.3.rel1.win32_1.0.0.202411081344/tools/bin/../lib/gcc/arm-none-eabi/13.3.1/thumb/v6-m/nofp\libgcc.a(_udivsi3.o)
                0x08000150                __aeabi_uidiv
                0x08000150                __udivsi3
                0x0800025c                __aeabi_uidivmod
 .text          0x08000264        0x4 C:/ST/STM32CubeIDE_1.19.0/STM32CubeIDE/plugins/com.st.stm32cube.ide.mcu.externaltools.gnu-tools-for-stm32.13.3.rel1.win32_1.0.0.202411081344/tools/bin/../lib/gcc/arm-none-eabi/13.3.1/thumb/v6-m/nofp\libgcc.a(_dvmd_tls.o)
                0x08000264                __aeabi_idiv0
                0x08000264                __aeabi_ldiv0
 *(.text*)
 .text.SystemClock_Config
                0x08000268       0x62 ./Core/Src/main.o
                0x08000268                SystemClock_Config
 *fill*         0x080002ca        0x2 
 .text.startup.main
                0x080002cc      0x320 ./Core/Src/main.o
                0x080002cc                main
 .text.Error_Handler
                0x080005ec        0x4 ./Core/Src/main.o
                0x080005ec                Error_Handler
 .text.HAL_MspInit
                0x080005f0       0x34 ./Core/Src/stm32g0xx_hal_msp.o
                0x080005f0                HAL_MspInit
 .text.NMI_Handler
                0x08000624        0x2 ./Core/Src/stm32g0xx_it.o
                0x08000624                NMI_Handler
 .text.HardFault_Handler
                0x08000626        0x2 ./Core/Src/stm32g0xx_it.o
                0x08000626                HardFault_Handler
 .text.SVC_Handler
                0x08000628        0x2 ./Core/Src/stm32g0xx_it.o
                0x08000628                SVC_Handler
 .text.PendSV_Handler
                0x0800062a        0x2 ./Core/Src/stm32g0xx_it.o
                0x0800062a                PendSV_Handler
 .text.SysTick_Handler
                0x0800062c        0x8 ./Core/Src/stm32g0xx_it.o
                0x0800062c                SysTick_Handler
 .text.USB_UCPD1_2_IRQHandler
                0x08000634       0x10 ./Core/Src/stm32g0xx_it.o
                0x08000634                USB_UCPD1_2_IRQHandler
 .text.SystemInit
                0x08000644        0x2 ./Core/Src/system_stm32g0xx.o
                0x08000644                SystemInit
 .text.USBD_HID_DataIn
                0x08000646       0x12 ./Core/Src/usbd_hid_keyboard.o
 .text.USBD_HID_GetDeviceQualifierDesc
                0x08000658        0xc ./Core/Src/usbd_hid_keyboard.o
 .text.USBD_HID_GetFSCfgDesc
                0x08000664       0x24 ./Core/Src/usbd_hid_keyboard.o
 .text.USBD_HID_GetOtherSpeedCfgDesc
                0x08000688        0x8 ./Core/Src/usbd_hid_keyboard.o
 .text.USBD_HID_GetHSCfgDesc
                0x08000690       0x24 ./Core/Src/usbd_hid_keyboard.o
 .text.USBD_HID_Setup
                0x080006b4       0xe4 ./Core/Src/usbd_hid_keyboard.o
 .text.USBD_HID_DeInit
                0x08000798       0x2e ./Core/Src/usbd_hid_keyboard.o
 .text.USBD_HID_Init
                0x080007c6       0x52 ./Core/Src/usbd_hid_keyboard.o
 .text.USBD_HID_SendReport
                0x08000818       0x3a ./Core/Src/usbd_hid_keyboard.o
                0x08000818                USBD_HID_SendReport
 *fill*         0x08000852        0x2 
 .text.Reset_Handler
                0x08000854       0x50 ./Core/Startup/startup_stm32g0b1kbuxn.o
                0x08000854                Reset_Handler
 .text.Default_Handler
                0x080008a4        0x2 ./Core/Startup/startup_stm32g0b1kbuxn.o
                0x080008a4                I2C2_3_IRQHandler
                0x080008a4                USART3_4_5_6_LPUART1_IRQHandler
                0x080008a4                TIM1_CC_IRQHandler
                0x080008a4                ADC1_COMP_IRQHandler
                0x080008a4                I2C1_IRQHandler
                0x080008a4                TIM7_LPTIM2_IRQHandler
                0x080008a4                TIM17_FDCAN_IT1_IRQHandler
                0x080008a4                DMA1_Ch4_7_DMA2_Ch1_5_DMAMUX1_OVR_IRQHandler
                0x080008a4                RCC_CRS_IRQHandler
                0x080008a4                RTC_TAMP_IRQHandler
                0x080008a4                SPI1_IRQHandler
                0x080008a4                EXTI2_3_IRQHandler
                0x080008a4                USART2_LPUART2_IRQHandler
                0x080008a4                PVD_VDDIO2_IRQHandler
                0x080008a4                EXTI4_15_IRQHandler
                0x080008a4                DMA1_Channel1_IRQHandler
                0x080008a4                Default_Handler
                0x080008a4                CEC_IRQHandler
                0x080008a4                TIM14_IRQHandler
                0x080008a4                TIM15_IRQHandler
                0x080008a4                TIM3_TIM4_IRQHandler
                0x080008a4                EXTI0_1_IRQHandler
                0x080008a4                SPI2_3_IRQHandler
                0x080008a4                TIM6_DAC_LPTIM1_IRQHandler
                0x080008a4                WWDG_IRQHandler
                0x080008a4                TIM2_IRQHandler
                0x080008a4                DMA1_Channel2_3_IRQHandler
                0x080008a4                FLASH_IRQHandler
                0x080008a4                USART1_IRQHandler
                0x080008a4                TIM16_FDCAN_IT0_IRQHandler
                0x080008a4                TIM1_BRK_UP_TRG_COM_IRQHandler
 *fill*         0x080008a6        0x2 
 .text.HAL_InitTick
                0x080008a8       0x50 ./Drivers/STM32G0xx_HAL_Driver/Src/stm32g0xx_hal.o
                0x080008a8                HAL_InitTick
 .text.HAL_Init
                0x080008f8       0x28 ./Drivers/STM32G0xx_HAL_Driver/Src/stm32g0xx_hal.o
                0x080008f8                HAL_Init
 .text.HAL_IncTick
                0x08000920       0x18 ./Drivers/STM32G0xx_HAL_Driver/Src/stm32g0xx_hal.o
                0x08000920                HAL_IncTick
 .text.HAL_GetTick
                0x08000938        0xc ./Drivers/STM32G0xx_HAL_Driver/Src/stm32g0xx_hal.o
                0x08000938                HAL_GetTick
 .text.HAL_Delay
                0x08000944       0x24 ./Drivers/STM32G0xx_HAL_Driver/Src/stm32g0xx_hal.o
                0x08000944                HAL_Delay
 .text.HAL_SYSCFG_StrobeDBattpinsConfig
                0x08000968       0x18 ./Drivers/STM32G0xx_HAL_Driver/Src/stm32g0xx_hal.o
                0x08000968                HAL_SYSCFG_StrobeDBattpinsConfig
 .text.HAL_NVIC_SetPriority
                0x08000980       0x54 ./Drivers/STM32G0xx_HAL_Driver/Src/stm32g0xx_hal_cortex.o
                0x08000980                HAL_NVIC_SetPriority
 .text.HAL_NVIC_EnableIRQ
                0x080009d4       0x18 ./Drivers/STM32G0xx_HAL_Driver/Src/stm32g0xx_hal_cortex.o
                0x080009d4                HAL_NVIC_EnableIRQ
 .text.HAL_SYSTICK_Config
                0x080009ec       0x34 ./Drivers/STM32G0xx_HAL_Driver/Src/stm32g0xx_hal_cortex.o
                0x080009ec                HAL_SYSTICK_Config
 .text.HAL_GPIO_Init
                0x08000a20      0x170 ./Drivers/STM32G0xx_HAL_Driver/Src/stm32g0xx_hal_gpio.o
                0x08000a20                HAL_GPIO_Init
 .text.HAL_GPIO_ReadPin
                0x08000b90        0xc ./Drivers/STM32G0xx_HAL_Driver/Src/stm32g0xx_hal_gpio.o
                0x08000b90                HAL_GPIO_ReadPin
 .text.HAL_GPIO_WritePin
                0x08000b9c        0xc ./Drivers/STM32G0xx_HAL_Driver/Src/stm32g0xx_hal_gpio.o
                0x08000b9c                HAL_GPIO_WritePin
 .text.HAL_GPIO_TogglePin
                0x08000ba8       0x10 ./Drivers/STM32G0xx_HAL_Driver/Src/stm32g0xx_hal_gpio.o
                0x08000ba8                HAL_GPIO_TogglePin
 .text.PCD_GET_EP_DBUF0_CNT.isra.0
                0x08000bb8       0x28 ./Drivers/STM32G0xx_HAL_Driver/Src/stm32g0xx_hal_pcd.o
 .text.PCD_GET_EP_RX_CNT.isra.0
                0x08000be0       0x28 ./Drivers/STM32G0xx_HAL_Driver/Src/stm32g0xx_hal_pcd.o
 .text.HAL_PCD_Init
                0x08000c08       0xa0 ./Drivers/STM32G0xx_HAL_Driver/Src/stm32g0xx_hal_pcd.o
                0x08000c08                HAL_PCD_Init
 .text.HAL_PCD_Start
                0x08000ca8       0x26 ./Drivers/STM32G0xx_HAL_Driver/Src/stm32g0xx_hal_pcd.o
                0x08000ca8                HAL_PCD_Start
 .text.HAL_PCD_SetAddress
                0x08000cce       0x22 ./Drivers/STM32G0xx_HAL_Driver/Src/stm32g0xx_hal_pcd.o
                0x08000cce                HAL_PCD_SetAddress
 .text.HAL_PCD_IRQHandler
                0x08000cf0      0x8e0 ./Drivers/STM32G0xx_HAL_Driver/Src/stm32g0xx_hal_pcd.o
                0x08000cf0                HAL_PCD_IRQHandler
 .text.HAL_PCD_EP_Open
                0x080015d0       0x5c ./Drivers/STM32G0xx_HAL_Driver/Src/stm32g0xx_hal_pcd.o
                0x080015d0                HAL_PCD_EP_Open
 .text.HAL_PCD_EP_Close
                0x0800162c       0x4c ./Drivers/STM32G0xx_HAL_Driver/Src/stm32g0xx_hal_pcd.o
                0x0800162c                HAL_PCD_EP_Close
 .text.HAL_PCD_EP_Receive
                0x08001678       0x36 ./Drivers/STM32G0xx_HAL_Driver/Src/stm32g0xx_hal_pcd.o
                0x08001678                HAL_PCD_EP_Receive
 .text.HAL_PCD_EP_Transmit
                0x080016ae       0x30 ./Drivers/STM32G0xx_HAL_Driver/Src/stm32g0xx_hal_pcd.o
                0x080016ae                HAL_PCD_EP_Transmit
 .text.HAL_PCD_EP_SetStall
                0x080016de       0x5c ./Drivers/STM32G0xx_HAL_Driver/Src/stm32g0xx_hal_pcd.o
                0x080016de                HAL_PCD_EP_SetStall
 .text.HAL_PCD_EP_ClrStall
                0x0800173a       0x5c ./Drivers/STM32G0xx_HAL_Driver/Src/stm32g0xx_hal_pcd.o
                0x0800173a                HAL_PCD_EP_ClrStall
 .text.HAL_PCDEx_PMAConfig
                0x08001796       0x30 ./Drivers/STM32G0xx_HAL_Driver/Src/stm32g0xx_hal_pcd_ex.o
                0x08001796                HAL_PCDEx_PMAConfig
 .text.HAL_PCDEx_ActivateLPM
                0x080017c6       0x26 ./Drivers/STM32G0xx_HAL_Driver/Src/stm32g0xx_hal_pcd_ex.o
                0x080017c6                HAL_PCDEx_ActivateLPM
 .text.HAL_PWREx_EnableVddUSB
                0x080017ec       0x14 ./Drivers/STM32G0xx_HAL_Driver/Src/stm32g0xx_hal_pwr_ex.o
                0x080017ec                HAL_PWREx_EnableVddUSB
 .text.HAL_PWREx_ControlVoltageScaling
                0x08001800       0x58 ./Drivers/STM32G0xx_HAL_Driver/Src/stm32g0xx_hal_pwr_ex.o
                0x08001800                HAL_PWREx_ControlVoltageScaling
 .text.HAL_RCC_OscConfig
                0x08001858      0x4a8 ./Drivers/STM32G0xx_HAL_Driver/Src/stm32g0xx_hal_rcc.o
                0x08001858                HAL_RCC_OscConfig
 .text.HAL_RCC_GetSysClockFreq
                0x08001d00       0x88 ./Drivers/STM32G0xx_HAL_Driver/Src/stm32g0xx_hal_rcc.o
                0x08001d00                HAL_RCC_GetSysClockFreq
 .text.HAL_RCC_ClockConfig
                0x08001d88      0x154 ./Drivers/STM32G0xx_HAL_Driver/Src/stm32g0xx_hal_rcc.o
                0x08001d88                HAL_RCC_ClockConfig
 .text.HAL_RCCEx_PeriphCLKConfig
                0x08001edc      0x2a4 ./Drivers/STM32G0xx_HAL_Driver/Src/stm32g0xx_hal_rcc_ex.o
                0x08001edc                HAL_RCCEx_PeriphCLKConfig
 .text.USB_EnableGlobalInt
                0x08002180       0x10 ./Drivers/STM32G0xx_HAL_Driver/Src/stm32g0xx_ll_usb.o
                0x08002180                USB_EnableGlobalInt
 .text.USB_DisableGlobalInt
                0x08002190       0x10 ./Drivers/STM32G0xx_HAL_Driver/Src/stm32g0xx_ll_usb.o
                0x08002190                USB_DisableGlobalInt
 .text.USB_DevInit
                0x080021a0       0x2a ./Drivers/STM32G0xx_HAL_Driver/Src/stm32g0xx_ll_usb.o
                0x080021a0                USB_DevInit
 *fill*         0x080021ca        0x2 
 .text.USB_ActivateEndpoint
                0x080021cc      0x290 ./Drivers/STM32G0xx_HAL_Driver/Src/stm32g0xx_ll_usb.o
                0x080021cc                USB_ActivateEndpoint
 .text.USB_DeactivateEndpoint
                0x0800245c       0xe0 ./Drivers/STM32G0xx_HAL_Driver/Src/stm32g0xx_ll_usb.o
                0x0800245c                USB_DeactivateEndpoint
 .text.USB_EPSetStall
                0x0800253c       0x40 ./Drivers/STM32G0xx_HAL_Driver/Src/stm32g0xx_ll_usb.o
                0x0800253c                USB_EPSetStall
 .text.USB_EPClearStall
                0x0800257c       0x6c ./Drivers/STM32G0xx_HAL_Driver/Src/stm32g0xx_ll_usb.o
                0x0800257c                USB_EPClearStall
 .text.USB_SetDevAddress
                0x080025e8        0xc ./Drivers/STM32G0xx_HAL_Driver/Src/stm32g0xx_ll_usb.o
                0x080025e8                USB_SetDevAddress
 .text.USB_DevConnect
                0x080025f4        0xe ./Drivers/STM32G0xx_HAL_Driver/Src/stm32g0xx_ll_usb.o
                0x080025f4                USB_DevConnect
 .text.USB_ReadInterrupts
                0x08002602        0x4 ./Drivers/STM32G0xx_HAL_Driver/Src/stm32g0xx_ll_usb.o
                0x08002602                USB_ReadInterrupts
 *fill*         0x08002606        0x2 
 .text.USB_WritePMA
                0x08002608       0x5c ./Drivers/STM32G0xx_HAL_Driver/Src/stm32g0xx_ll_usb.o
                0x08002608                USB_WritePMA
 .text.USB_EPStartXfer
                0x08002664      0x2e0 ./Drivers/STM32G0xx_HAL_Driver/Src/stm32g0xx_ll_usb.o
                0x08002664                USB_EPStartXfer
 .text.USB_ReadPMA
                0x08002944       0x54 ./Drivers/STM32G0xx_HAL_Driver/Src/stm32g0xx_ll_usb.o
                0x08002944                USB_ReadPMA
 .text.USBD_Init
                0x08002998       0x36 ./Middlewares/ST/STM32_USB_Device_Library/Core/Src/usbd_core.o
                0x08002998                USBD_Init
 .text.USBD_RegisterClass
                0x080029ce       0x36 ./Middlewares/ST/STM32_USB_Device_Library/Core/Src/usbd_core.o
                0x080029ce                USBD_RegisterClass
 .text.USBD_Start
                0x08002a04        0x8 ./Middlewares/ST/STM32_USB_Device_Library/Core/Src/usbd_core.o
                0x08002a04                USBD_Start
 .text.USBD_SetClassConfig
                0x08002a0c       0x16 ./Middlewares/ST/STM32_USB_Device_Library/Core/Src/usbd_core.o
                0x08002a0c                USBD_SetClassConfig
 .text.USBD_ClrClassConfig
                0x08002a22       0x14 ./Middlewares/ST/STM32_USB_Device_Library/Core/Src/usbd_core.o
                0x08002a22                USBD_ClrClassConfig
 *fill*         0x08002a36        0x2 
 .text.USBD_LL_SetupStage
                0x08002a38       0x60 ./Middlewares/ST/STM32_USB_Device_Library/Core/Src/usbd_core.o
                0x08002a38                USBD_LL_SetupStage
 .text.USBD_LL_DataOutStage
                0x08002a98       0x84 ./Middlewares/ST/STM32_USB_Device_Library/Core/Src/usbd_core.o
                0x08002a98                USBD_LL_DataOutStage
 .text.USBD_LL_DataInStage
                0x08002b1c       0xba ./Middlewares/ST/STM32_USB_Device_Library/Core/Src/usbd_core.o
                0x08002b1c                USBD_LL_DataInStage
 .text.USBD_LL_Reset
                0x08002bd6       0x66 ./Middlewares/ST/STM32_USB_Device_Library/Core/Src/usbd_core.o
                0x08002bd6                USBD_LL_Reset
 .text.USBD_LL_SetSpeed
                0x08002c3c        0x6 ./Middlewares/ST/STM32_USB_Device_Library/Core/Src/usbd_core.o
                0x08002c3c                USBD_LL_SetSpeed
 *fill*         0x08002c42        0x2 
 .text.USBD_LL_Suspend
                0x08002c44       0x20 ./Middlewares/ST/STM32_USB_Device_Library/Core/Src/usbd_core.o
                0x08002c44                USBD_LL_Suspend
 .text.USBD_LL_Resume
                0x08002c64       0x1c ./Middlewares/ST/STM32_USB_Device_Library/Core/Src/usbd_core.o
                0x08002c64                USBD_LL_Resume
 .text.USBD_LL_SOF
                0x08002c80       0x22 ./Middlewares/ST/STM32_USB_Device_Library/Core/Src/usbd_core.o
                0x08002c80                USBD_LL_SOF
 .text.USBD_CoreFindIF
                0x08002ca2        0x4 ./Middlewares/ST/STM32_USB_Device_Library/Core/Src/usbd_core.o
                0x08002ca2                USBD_CoreFindIF
 .text.USBD_CoreFindEP
                0x08002ca6        0x4 ./Middlewares/ST/STM32_USB_Device_Library/Core/Src/usbd_core.o
                0x08002ca6                USBD_CoreFindEP
 .text.USBD_GetEpDesc
                0x08002caa       0x2a ./Middlewares/ST/STM32_USB_Device_Library/Core/Src/usbd_core.o
                0x08002caa                USBD_GetEpDesc
 .text.USBD_CtlError.constprop.0
                0x08002cd4       0x14 ./Middlewares/ST/STM32_USB_Device_Library/Core/Src/usbd_ctlreq.o
 .text.USBD_StdDevReq
                0x08002ce8      0x2d4 ./Middlewares/ST/STM32_USB_Device_Library/Core/Src/usbd_ctlreq.o
                0x08002ce8                USBD_StdDevReq
 .text.USBD_StdItfReq
                0x08002fbc       0x6a ./Middlewares/ST/STM32_USB_Device_Library/Core/Src/usbd_ctlreq.o
                0x08002fbc                USBD_StdItfReq
 .text.USBD_StdEPReq
                0x08003026      0x15e ./Middlewares/ST/STM32_USB_Device_Library/Core/Src/usbd_ctlreq.o
                0x08003026                USBD_StdEPReq
 .text.USBD_ParseSetupRequest
                0x08003184       0x28 ./Middlewares/ST/STM32_USB_Device_Library/Core/Src/usbd_ctlreq.o
                0x08003184                USBD_ParseSetupRequest
 .text.USBD_CtlError
                0x080031ac       0x14 ./Middlewares/ST/STM32_USB_Device_Library/Core/Src/usbd_ctlreq.o
                0x080031ac                USBD_CtlError
 .text.USBD_GetString
                0x080031c0       0x3a ./Middlewares/ST/STM32_USB_Device_Library/Core/Src/usbd_ctlreq.o
                0x080031c0                USBD_GetString
 .text.USBD_CtlSendData
                0x080031fa       0x1c ./Middlewares/ST/STM32_USB_Device_Library/Core/Src/usbd_ioreq.o
                0x080031fa                USBD_CtlSendData
 .text.USBD_CtlContinueSendData
                0x08003216       0x10 ./Middlewares/ST/STM32_USB_Device_Library/Core/Src/usbd_ioreq.o
                0x08003216                USBD_CtlContinueSendData
 .text.USBD_CtlContinueRx
                0x08003226       0x10 ./Middlewares/ST/STM32_USB_Device_Library/Core/Src/usbd_ioreq.o
                0x08003226                USBD_CtlContinueRx
 .text.USBD_CtlSendStatus
                0x08003236       0x18 ./Middlewares/ST/STM32_USB_Device_Library/Core/Src/usbd_ioreq.o
                0x08003236                USBD_CtlSendStatus
 .text.USBD_CtlReceiveStatus
                0x0800324e       0x18 ./Middlewares/ST/STM32_USB_Device_Library/Core/Src/usbd_ioreq.o
                0x0800324e                USBD_CtlReceiveStatus
 *fill*         0x08003266        0x2 
 .text.MX_USB_Device_Init
                0x08003268       0x44 ./USB_Device/App/usb_device.o
                0x08003268                MX_USB_Device_Init
 .text.USBD_HID_DeviceDescriptor
                0x080032ac        0xc ./USB_Device/App/usbd_desc.o
                0x080032ac                USBD_HID_DeviceDescriptor
 .text.USBD_HID_LangIDStrDescriptor
                0x080032b8        0xc ./USB_Device/App/usbd_desc.o
                0x080032b8                USBD_HID_LangIDStrDescriptor
 .text.IntToUnicode
                0x080032c4       0x24 ./USB_Device/App/usbd_desc.o
 .text.USBD_HID_SerialStrDescriptor
                0x080032e8       0x48 ./USB_Device/App/usbd_desc.o
                0x080032e8                USBD_HID_SerialStrDescriptor
 .text.USBD_HID_ManufacturerStrDescriptor
                0x08003330       0x1c ./USB_Device/App/usbd_desc.o
                0x08003330                USBD_HID_ManufacturerStrDescriptor
 .text.USBD_HID_ProductStrDescriptor
                0x0800334c       0x1c ./USB_Device/App/usbd_desc.o
                0x0800334c                USBD_HID_ProductStrDescriptor
 .text.USBD_HID_ConfigStrDescriptor
                0x08003368       0x1c ./USB_Device/App/usbd_desc.o
                0x08003368                USBD_HID_ConfigStrDescriptor
 .text.USBD_HID_InterfaceStrDescriptor
                0x08003384       0x1c ./USB_Device/App/usbd_desc.o
                0x08003384                USBD_HID_InterfaceStrDescriptor
 .text.USBD_Get_USB_Status
                0x080033a0       0x10 ./USB_Device/Target/usbd_conf.o
 .text.HAL_PCD_MspInit
                0x080033b0       0x8c ./USB_Device/Target/usbd_conf.o
                0x080033b0                HAL_PCD_MspInit
 .text.HAL_PCD_SetupStageCallback
                0x0800343c       0x12 ./USB_Device/Target/usbd_conf.o
                0x0800343c                HAL_PCD_SetupStageCallback
 .text.HAL_PCD_DataOutStageCallback
                0x0800344e       0x18 ./USB_Device/Target/usbd_conf.o
                0x0800344e                HAL_PCD_DataOutStageCallback
 .text.HAL_PCD_DataInStageCallback
                0x08003466       0x16 ./USB_Device/Target/usbd_conf.o
                0x08003466                HAL_PCD_DataInStageCallback
 .text.HAL_PCD_SOFCallback
                0x0800347c        0xe ./USB_Device/Target/usbd_conf.o
                0x0800347c                HAL_PCD_SOFCallback
 .text.HAL_PCD_ResetCallback
                0x0800348a       0x22 ./USB_Device/Target/usbd_conf.o
                0x0800348a                HAL_PCD_ResetCallback
 .text.HAL_PCD_SuspendCallback
                0x080034ac       0x24 ./USB_Device/Target/usbd_conf.o
                0x080034ac                HAL_PCD_SuspendCallback
 .text.HAL_PCD_ResumeCallback
                0x080034d0       0x28 ./USB_Device/Target/usbd_conf.o
                0x080034d0                HAL_PCD_ResumeCallback
 .text.USBD_LL_Init
                0x080034f8       0x6c ./USB_Device/Target/usbd_conf.o
                0x080034f8                USBD_LL_Init
 .text.USBD_LL_Start
                0x08003564       0x12 ./USB_Device/Target/usbd_conf.o
                0x08003564                USBD_LL_Start
 .text.USBD_LL_OpenEP
                0x08003576       0x18 ./USB_Device/Target/usbd_conf.o
                0x08003576                USBD_LL_OpenEP
 .text.USBD_LL_CloseEP
                0x0800358e       0x12 ./USB_Device/Target/usbd_conf.o
                0x0800358e                USBD_LL_CloseEP
 .text.USBD_LL_StallEP
                0x080035a0       0x12 ./USB_Device/Target/usbd_conf.o
                0x080035a0                USBD_LL_StallEP
 .text.USBD_LL_ClearStallEP
                0x080035b2       0x12 ./USB_Device/Target/usbd_conf.o
                0x080035b2                USBD_LL_ClearStallEP
 .text.USBD_LL_IsStallEP
                0x080035c4       0x26 ./USB_Device/Target/usbd_conf.o
                0x080035c4                USBD_LL_IsStallEP
 .text.USBD_LL_SetUSBAddress
                0x080035ea       0x12 ./USB_Device/Target/usbd_conf.o
                0x080035ea                USBD_LL_SetUSBAddress
 .text.USBD_LL_Transmit
                0x080035fc       0x12 ./USB_Device/Target/usbd_conf.o
                0x080035fc                USBD_LL_Transmit
 .text.USBD_LL_PrepareReceive
                0x0800360e       0x12 ./USB_Device/Target/usbd_conf.o
                0x0800360e                USBD_LL_PrepareReceive
 .text.HAL_PCDEx_LPM_Callback
                0x08003620       0x50 ./USB_Device/Target/usbd_conf.o
                0x08003620                HAL_PCDEx_LPM_Callback
 .text.USBD_static_malloc
                0x08003670        0x8 ./USB_Device/Target/usbd_conf.o
                0x08003670                USBD_static_malloc
 .text.USBD_static_free
                0x08003678        0x2 ./USB_Device/Target/usbd_conf.o
                0x08003678                USBD_static_free
 .text.memset   0x0800367a       0x10 C:/ST/STM32CubeIDE_1.19.0/STM32CubeIDE/plugins/com.st.stm32cube.ide.mcu.externaltools.gnu-tools-for-stm32.13.3.rel1.win32_1.0.0.202411081344/tools/bin/../lib/gcc/arm-none-eabi/13.3.1/../../../../arm-none-eabi/lib/thumb/v6-m/nofp\libc_nano.a(libc_a-memset.o)
                0x0800367a                memset
 *fill*         0x0800368a        0x2 
 .text.__libc_init_array
                0x0800368c       0x48 C:/ST/STM32CubeIDE_1.19.0/STM32CubeIDE/plugins/com.st.stm32cube.ide.mcu.externaltools.gnu-tools-for-stm32.13.3.rel1.win32_1.0.0.202411081344/tools/bin/../lib/gcc/arm-none-eabi/13.3.1/../../../../arm-none-eabi/lib/thumb/v6-m/nofp\libc_nano.a(libc_a-init.o)
                0x0800368c                __libc_init_array
 *(.glue_7)
 .glue_7        0x080036d4        0x0 linker stubs
 *(.glue_7t)
 .glue_7t       0x080036d4        0x0 linker stubs
 *(.eh_frame)
 .eh_frame      0x080036d4        0x0 C:/ST/STM32CubeIDE_1.19.0/STM32CubeIDE/plugins/com.st.stm32cube.ide.mcu.externaltools.gnu-tools-for-stm32.13.3.rel1.win32_1.0.0.202411081344/tools/bin/../lib/gcc/arm-none-eabi/13.3.1/thumb/v6-m/nofp/crtbegin.o
 *(.init)
 .init          0x080036d4        0x4 C:/ST/STM32CubeIDE_1.19.0/STM32CubeIDE/plugins/com.st.stm32cube.ide.mcu.externaltools.gnu-tools-for-stm32.13.3.rel1.win32_1.0.0.202411081344/tools/bin/../lib/gcc/arm-none-eabi/13.3.1/thumb/v6-m/nofp/crti.o
                0x080036d4                _init
 .init          0x080036d8        0x8 C:/ST/STM32CubeIDE_1.19.0/STM32CubeIDE/plugins/com.st.stm32cube.ide.mcu.externaltools.gnu-tools-for-stm32.13.3.rel1.win32_1.0.0.202411081344/tools/bin/../lib/gcc/arm-none-eabi/13.3.1/thumb/v6-m/nofp/crtn.o
 *(.fini)
 .fini          0x080036e0        0x4 C:/ST/STM32CubeIDE_1.19.0/STM32CubeIDE/plugins/com.st.stm32cube.ide.mcu.externaltools.gnu-tools-for-stm32.13.3.rel1.win32_1.0.0.202411081344/tools/bin/../lib/gcc/arm-none-eabi/13.3.1/thumb/v6-m/nofp/crti.o
                0x080036e0                _fini
 .fini          0x080036e4        0x8 C:/ST/STM32CubeIDE_1.19.0/STM32CubeIDE/plugins/com.st.stm32cube.ide.mcu.externaltools.gnu-tools-for-stm32.13.3.rel1.win32_1.0.0.202411081344/tools/bin/../lib/gcc/arm-none-eabi/13.3.1/thumb/v6-m/nofp/crtn.o
                0x080036ec                        . = ALIGN (0x4)
                0x080036ec                        _etext = .

.vfp11_veneer   0x080036ec        0x0
 .vfp11_veneer  0x080036ec        0x0 linker stubs

.v4_bx          0x080036ec        0x0
 .v4_bx         0x080036ec        0x0 linker stubs

.iplt           0x080036ec        0x0
 .iplt          0x080036ec        0x0 C:/ST/STM32CubeIDE_1.19.0/STM32CubeIDE/plugins/com.st.stm32cube.ide.mcu.externaltools.gnu-tools-for-stm32.13.3.rel1.win32_1.0.0.202411081344/tools/bin/../lib/gcc/arm-none-eabi/13.3.1/thumb/v6-m/nofp/crtbegin.o

.rodata         0x080036ec       0x80
                0x080036ec                        . = ALIGN (0x4)
 *(.rodata)
 *(.rodata*)
 .rodata.AHBPrescTable
                0x080036ec       0x40 ./Core/Src/system_stm32g0xx.o
                0x080036ec                AHBPrescTable
 .rodata.USBD_HID_ManufacturerStrDescriptor.str1.1
                0x0800372c       0x3f ./USB_Device/App/usbd_desc.o
                                  0xc (size before relaxing)
 .rodata.USBD_HID_ProductStrDescriptor.str1.1
                0x0800376b       0x1a ./USB_Device/App/usbd_desc.o
 .rodata.USBD_HID_ConfigStrDescriptor.str1.1
                0x0800376b        0xb ./USB_Device/App/usbd_desc.o
 .rodata.USBD_HID_InterfaceStrDescriptor.str1.1
                0x0800376b        0xe ./USB_Device/App/usbd_desc.o
                0x08003788                        . = ALIGN (0x4)
 *fill*         0x0800376b        0x1 

.ARM.extab      0x0800376c        0x0
                0x0800376c                        . = ALIGN (0x4)
 *(.ARM.extab* .gnu.linkonce.armextab.*)
                0x0800376c                        . = ALIGN (0x4)

.ARM            0x0800376c        0x0
                0x0800376c                        . = ALIGN (0x4)
                0x0800376c                        __exidx_start = .
 *(.ARM.exidx*)
                0x0800376c                        __exidx_end = .
                0x0800376c                        . = ALIGN (0x4)

.preinit_array  0x0800376c        0x0
                0x0800376c                        . = ALIGN (0x4)
                0x0800376c                        PROVIDE (__preinit_array_start = .)
 *(.preinit_array*)
                0x0800376c                        PROVIDE (__preinit_array_end = .)
                0x0800376c                        . = ALIGN (0x4)

.init_array     0x0800376c        0x4
                0x0800376c                        . = ALIGN (0x4)
                0x0800376c                        PROVIDE (__init_array_start = .)
 *(SORT_BY_NAME(.init_array.*))
 *(.init_array*)
 .init_array    0x0800376c        0x4 C:/ST/STM32CubeIDE_1.19.0/STM32CubeIDE/plugins/com.st.stm32cube.ide.mcu.externaltools.gnu-tools-for-stm32.13.3.rel1.win32_1.0.0.202411081344/tools/bin/../lib/gcc/arm-none-eabi/13.3.1/thumb/v6-m/nofp/crtbegin.o
                0x08003770                        PROVIDE (__init_array_end = .)
                0x08003770                        . = ALIGN (0x4)

.fini_array     0x08003770        0x4
                0x08003770                        . = ALIGN (0x4)
                [!provide]                        PROVIDE (__fini_array_start = .)
 *(SORT_BY_NAME(.fini_array.*))
 *(.fini_array*)
 .fini_array    0x08003770        0x4 C:/ST/STM32CubeIDE_1.19.0/STM32CubeIDE/plugins/com.st.stm32cube.ide.mcu.externaltools.gnu-tools-for-stm32.13.3.rel1.win32_1.0.0.202411081344/tools/bin/../lib/gcc/arm-none-eabi/13.3.1/thumb/v6-m/nofp/crtbegin.o
                [!provide]                        PROVIDE (__fini_array_end = .)
                0x08003774                        . = ALIGN (0x4)
                0x08003774                        _sidata = LOADADDR (.data)

.rel.dyn        0x08003774        0x0
 .rel.iplt      0x08003774        0x0 C:/ST/STM32CubeIDE_1.19.0/STM32CubeIDE/plugins/com.st.stm32cube.ide.mcu.externaltools.gnu-tools-for-stm32.13.3.rel1.win32_1.0.0.202411081344/tools/bin/../lib/gcc/arm-none-eabi/13.3.1/thumb/v6-m/nofp/crtbegin.o

.data           0x20000000      0x114 load address 0x08003774
                0x20000000                        . = ALIGN (0x4)
                0x20000000                        _sdata = .
 *(.data)
 *(.data*)
 .data.SystemCoreClock
                0x20000000        0x4 ./Core/Src/system_stm32g0xx.o
                0x20000000                SystemCoreClock
 .data.HID_MOUSE_ReportDesc
                0x20000004       0x3f ./Core/Src/usbd_hid_keyboard.o
 *fill*         0x20000043        0x1 
 .data.USBD_HID_DeviceQualifierDesc
                0x20000044        0xa ./Core/Src/usbd_hid_keyboard.o
 *fill*         0x2000004e        0x2 
 .data.USBD_HID_Desc
                0x20000050        0x9 ./Core/Src/usbd_hid_keyboard.o
 *fill*         0x20000059        0x3 
 .data.USBD_HID_CfgDesc
                0x2000005c       0x22 ./Core/Src/usbd_hid_keyboard.o
 *fill*         0x2000007e        0x2 
 .data.USBD_HID
                0x20000080       0x38 ./Core/Src/usbd_hid_keyboard.o
                0x20000080                USBD_HID
 .data.uwTickFreq
                0x200000b8        0x1 ./Drivers/STM32G0xx_HAL_Driver/Src/stm32g0xx_hal.o
                0x200000b8                uwTickFreq
 *fill*         0x200000b9        0x3 
 .data.uwTickPrio
                0x200000bc        0x4 ./Drivers/STM32G0xx_HAL_Driver/Src/stm32g0xx_hal.o
                0x200000bc                uwTickPrio
 .data.USBD_StringSerial
                0x200000c0       0x1a ./USB_Device/App/usbd_desc.o
                0x200000c0                USBD_StringSerial
 *fill*         0x200000da        0x2 
 .data.USBD_LangIDDesc
                0x200000dc        0x4 ./USB_Device/App/usbd_desc.o
                0x200000dc                USBD_LangIDDesc
 .data.USBD_HID_DeviceDesc
                0x200000e0       0x12 ./USB_Device/App/usbd_desc.o
                0x200000e0                USBD_HID_DeviceDesc
 *fill*         0x200000f2        0x2 
 .data.HID_Desc
                0x200000f4       0x20 ./USB_Device/App/usbd_desc.o
                0x200000f4                HID_Desc
 *(.RamFunc)
 *(.RamFunc*)
                0x20000114                        . = ALIGN (0x4)
                0x20000114                        _edata = .

.igot.plt       0x20000114        0x0 load address 0x08003888
 .igot.plt      0x20000114        0x0 C:/ST/STM32CubeIDE_1.19.0/STM32CubeIDE/plugins/com.st.stm32cube.ide.mcu.externaltools.gnu-tools-for-stm32.13.3.rel1.win32_1.0.0.202411081344/tools/bin/../lib/gcc/arm-none-eabi/13.3.1/thumb/v6-m/nofp/crtbegin.o
                0x20000114                        . = ALIGN (0x4)

.bss            0x20000114      0x7fc load address 0x08003888
                0x20000114                        _sbss = .
                0x20000114                        __bss_start__ = _sbss
 *(.bss)
 .bss           0x20000114       0x1c C:/ST/STM32CubeIDE_1.19.0/STM32CubeIDE/plugins/com.st.stm32cube.ide.mcu.externaltools.gnu-tools-for-stm32.13.3.rel1.win32_1.0.0.202411081344/tools/bin/../lib/gcc/arm-none-eabi/13.3.1/thumb/v6-m/nofp/crtbegin.o
 *(.bss*)
 .bss.keyBoardHIDsub
                0x20000130        0x8 ./Core/Src/main.o
                0x20000130                keyBoardHIDsub
 .bss.uwTick    0x20000138        0x4 ./Drivers/STM32G0xx_HAL_Driver/Src/stm32g0xx_hal.o
                0x20000138                uwTick
 .bss.cfgidx.0  0x2000013c        0x1 ./Middlewares/ST/STM32_USB_Device_Library/Core/Src/usbd_ctlreq.o
 *fill*         0x2000013d        0x3 
 .bss.hUsbDeviceFS
                0x20000140      0x2dc ./USB_Device/App/usb_device.o
                0x20000140                hUsbDeviceFS
 .bss.USBD_StrDesc
                0x2000041c      0x200 ./USB_Device/App/usbd_desc.o
                0x2000041c                USBD_StrDesc
 .bss.mem.0     0x2000061c       0x14 ./USB_Device/Target/usbd_conf.o
 .bss.hpcd_USB_DRD_FS
                0x20000630      0x2e0 ./USB_Device/Target/usbd_conf.o
                0x20000630                hpcd_USB_DRD_FS
 *(COMMON)
                0x20000910                        . = ALIGN (0x4)
                0x20000910                        _ebss = .
                0x20000910                        __bss_end__ = _ebss

._user_heap_stack
                0x20000910      0x600 load address 0x08003888
                0x20000910                        . = ALIGN (0x8)
                [!provide]                        PROVIDE (end = .)
                0x20000910                        PROVIDE (_end = .)
                0x20000b10                        . = (. + _Min_Heap_Size)
 *fill*         0x20000910      0x200 
                0x20000f10                        . = (. + _Min_Stack_Size)
 *fill*         0x20000b10      0x400 
                0x20000f10                        . = ALIGN (0x8)

/DISCARD/
 libc.a(*)
 libm.a(*)
 libgcc.a(*)

.ARM.attributes
                0x00000000       0x28
 *(.ARM.attributes)
 .ARM.attributes
                0x00000000       0x1e C:/ST/STM32CubeIDE_1.19.0/STM32CubeIDE/plugins/com.st.stm32cube.ide.mcu.externaltools.gnu-tools-for-stm32.13.3.rel1.win32_1.0.0.202411081344/tools/bin/../lib/gcc/arm-none-eabi/13.3.1/thumb/v6-m/nofp/crti.o
 .ARM.attributes
                0x0000001e       0x2c C:/ST/STM32CubeIDE_1.19.0/STM32CubeIDE/plugins/com.st.stm32cube.ide.mcu.externaltools.gnu-tools-for-stm32.13.3.rel1.win32_1.0.0.202411081344/tools/bin/../lib/gcc/arm-none-eabi/13.3.1/thumb/v6-m/nofp/crtbegin.o
 .ARM.attributes
                0x0000004a       0x2c ./Core/Src/main.o
 .ARM.attributes
                0x00000076       0x2c ./Core/Src/stm32g0xx_hal_msp.o
 .ARM.attributes
                0x000000a2       0x2c ./Core/Src/stm32g0xx_it.o
 .ARM.attributes
                0x000000ce       0x2c ./Core/Src/system_stm32g0xx.o
 .ARM.attributes
                0x000000fa       0x2c ./Core/Src/usbd_hid_keyboard.o
 .ARM.attributes
                0x00000126       0x22 ./Core/Startup/startup_stm32g0b1kbuxn.o
 .ARM.attributes
                0x00000148       0x2c ./Drivers/STM32G0xx_HAL_Driver/Src/stm32g0xx_hal.o
 .ARM.attributes
                0x00000174       0x2c ./Drivers/STM32G0xx_HAL_Driver/Src/stm32g0xx_hal_cortex.o
 .ARM.attributes
                0x000001a0       0x2c ./Drivers/STM32G0xx_HAL_Driver/Src/stm32g0xx_hal_gpio.o
 .ARM.attributes
                0x000001cc       0x2c ./Drivers/STM32G0xx_HAL_Driver/Src/stm32g0xx_hal_pcd.o
 .ARM.attributes
                0x000001f8       0x2c ./Drivers/STM32G0xx_HAL_Driver/Src/stm32g0xx_hal_pcd_ex.o
 .ARM.attributes
                0x00000224       0x2c ./Drivers/STM32G0xx_HAL_Driver/Src/stm32g0xx_hal_pwr_ex.o
 .ARM.attributes
                0x00000250       0x2c ./Drivers/STM32G0xx_HAL_Driver/Src/stm32g0xx_hal_rcc.o
 .ARM.attributes
                0x0000027c       0x2c ./Drivers/STM32G0xx_HAL_Driver/Src/stm32g0xx_hal_rcc_ex.o
 .ARM.attributes
                0x000002a8       0x2c ./Drivers/STM32G0xx_HAL_Driver/Src/stm32g0xx_ll_usb.o
 .ARM.attributes
                0x000002d4       0x2c ./Middlewares/ST/STM32_USB_Device_Library/Core/Src/usbd_core.o
 .ARM.attributes
                0x00000300       0x2c ./Middlewares/ST/STM32_USB_Device_Library/Core/Src/usbd_ctlreq.o
 .ARM.attributes
                0x0000032c       0x2c ./Middlewares/ST/STM32_USB_Device_Library/Core/Src/usbd_ioreq.o
 .ARM.attributes
                0x00000358       0x2c ./USB_Device/App/usb_device.o
 .ARM.attributes
                0x00000384       0x2c ./USB_Device/App/usbd_desc.o
 .ARM.attributes
                0x000003b0       0x2c ./USB_Device/Target/usbd_conf.o
 .ARM.attributes
                0x000003dc       0x2c C:/ST/STM32CubeIDE_1.19.0/STM32CubeIDE/plugins/com.st.stm32cube.ide.mcu.externaltools.gnu-tools-for-stm32.13.3.rel1.win32_1.0.0.202411081344/tools/bin/../lib/gcc/arm-none-eabi/13.3.1/../../../../arm-none-eabi/lib/thumb/v6-m/nofp\libc_nano.a(libc_a-memset.o)
 .ARM.attributes
                0x00000408       0x2c C:/ST/STM32CubeIDE_1.19.0/STM32CubeIDE/plugins/com.st.stm32cube.ide.mcu.externaltools.gnu-tools-for-stm32.13.3.rel1.win32_1.0.0.202411081344/tools/bin/../lib/gcc/arm-none-eabi/13.3.1/../../../../arm-none-eabi/lib/thumb/v6-m/nofp\libc_nano.a(libc_a-init.o)
 .ARM.attributes
                0x00000434       0x1c C:/ST/STM32CubeIDE_1.19.0/STM32CubeIDE/plugins/com.st.stm32cube.ide.mcu.externaltools.gnu-tools-for-stm32.13.3.rel1.win32_1.0.0.202411081344/tools/bin/../lib/gcc/arm-none-eabi/13.3.1/../../../../arm-none-eabi/lib/thumb/v6-m/nofp\libc_nano.a(libc_a-strlen.o)
 .ARM.attributes
                0x00000450       0x1e C:/ST/STM32CubeIDE_1.19.0/STM32CubeIDE/plugins/com.st.stm32cube.ide.mcu.externaltools.gnu-tools-for-stm32.13.3.rel1.win32_1.0.0.202411081344/tools/bin/../lib/gcc/arm-none-eabi/13.3.1/thumb/v6-m/nofp\libgcc.a(_thumb1_case_sqi.o)
 .ARM.attributes
                0x0000046e       0x1e C:/ST/STM32CubeIDE_1.19.0/STM32CubeIDE/plugins/com.st.stm32cube.ide.mcu.externaltools.gnu-tools-for-stm32.13.3.rel1.win32_1.0.0.202411081344/tools/bin/../lib/gcc/arm-none-eabi/13.3.1/thumb/v6-m/nofp\libgcc.a(_thumb1_case_uqi.o)
 .ARM.attributes
                0x0000048c       0x1e C:/ST/STM32CubeIDE_1.19.0/STM32CubeIDE/plugins/com.st.stm32cube.ide.mcu.externaltools.gnu-tools-for-stm32.13.3.rel1.win32_1.0.0.202411081344/tools/bin/../lib/gcc/arm-none-eabi/13.3.1/thumb/v6-m/nofp\libgcc.a(_thumb1_case_shi.o)
 .ARM.attributes
                0x000004aa       0x1e C:/ST/STM32CubeIDE_1.19.0/STM32CubeIDE/plugins/com.st.stm32cube.ide.mcu.externaltools.gnu-tools-for-stm32.13.3.rel1.win32_1.0.0.202411081344/tools/bin/../lib/gcc/arm-none-eabi/13.3.1/thumb/v6-m/nofp\libgcc.a(_udivsi3.o)
 .ARM.attributes
                0x000004c8       0x1e C:/ST/STM32CubeIDE_1.19.0/STM32CubeIDE/plugins/com.st.stm32cube.ide.mcu.externaltools.gnu-tools-for-stm32.13.3.rel1.win32_1.0.0.202411081344/tools/bin/../lib/gcc/arm-none-eabi/13.3.1/thumb/v6-m/nofp\libgcc.a(_dvmd_tls.o)
 .ARM.attributes
                0x000004e6       0x1e C:/ST/STM32CubeIDE_1.19.0/STM32CubeIDE/plugins/com.st.stm32cube.ide.mcu.externaltools.gnu-tools-for-stm32.13.3.rel1.win32_1.0.0.202411081344/tools/bin/../lib/gcc/arm-none-eabi/13.3.1/thumb/v6-m/nofp/crtn.o
OUTPUT(WahlServiceAdapter5.0_HIDV1.0_Keyboard.elf elf32-littlearm)
LOAD linker stubs
LOAD C:/ST/STM32CubeIDE_1.19.0/STM32CubeIDE/plugins/com.st.stm32cube.ide.mcu.externaltools.gnu-tools-for-stm32.13.3.rel1.win32_1.0.0.202411081344/tools/bin/../lib/gcc/arm-none-eabi/13.3.1/../../../../arm-none-eabi/lib/thumb/v6-m/nofp\libc.a
LOAD C:/ST/STM32CubeIDE_1.19.0/STM32CubeIDE/plugins/com.st.stm32cube.ide.mcu.externaltools.gnu-tools-for-stm32.13.3.rel1.win32_1.0.0.202411081344/tools/bin/../lib/gcc/arm-none-eabi/13.3.1/../../../../arm-none-eabi/lib/thumb/v6-m/nofp\libm.a
LOAD C:/ST/STM32CubeIDE_1.19.0/STM32CubeIDE/plugins/com.st.stm32cube.ide.mcu.externaltools.gnu-tools-for-stm32.13.3.rel1.win32_1.0.0.202411081344/tools/bin/../lib/gcc/arm-none-eabi/13.3.1/thumb/v6-m/nofp\libgcc.a

.debug_info     0x00000000    0x10066
 .debug_info    0x00000000     0x13ff ./Core/Src/main.o
 .debug_info    0x000013ff      0x283 ./Core/Src/stm32g0xx_hal_msp.o
 .debug_info    0x00001682      0x5e8 ./Core/Src/stm32g0xx_it.o
 .debug_info    0x00001c6a      0x347 ./Core/Src/system_stm32g0xx.o
 .debug_info    0x00001fb1      0xd30 ./Core/Src/usbd_hid_keyboard.o
 .debug_info    0x00002ce1       0x30 ./Core/Startup/startup_stm32g0b1kbuxn.o
 .debug_info    0x00002d11      0xc10 ./Drivers/STM32G0xx_HAL_Driver/Src/stm32g0xx_hal.o
 .debug_info    0x00003921      0xa6b ./Drivers/STM32G0xx_HAL_Driver/Src/stm32g0xx_hal_cortex.o
 .debug_info    0x0000438c      0x63a ./Drivers/STM32G0xx_HAL_Driver/Src/stm32g0xx_hal_gpio.o
 .debug_info    0x000049c6     0x1c78 ./Drivers/STM32G0xx_HAL_Driver/Src/stm32g0xx_hal_pcd.o
 .debug_info    0x0000663e      0x8cc ./Drivers/STM32G0xx_HAL_Driver/Src/stm32g0xx_hal_pcd_ex.o
 .debug_info    0x00006f0a      0x951 ./Drivers/STM32G0xx_HAL_Driver/Src/stm32g0xx_hal_pwr_ex.o
 .debug_info    0x0000785b      0xe7a ./Drivers/STM32G0xx_HAL_Driver/Src/stm32g0xx_hal_rcc.o
 .debug_info    0x000086d5      0xbac ./Drivers/STM32G0xx_HAL_Driver/Src/stm32g0xx_hal_rcc_ex.o
 .debug_info    0x00009281     0x15c1 ./Drivers/STM32G0xx_HAL_Driver/Src/stm32g0xx_ll_usb.o
 .debug_info    0x0000a842     0x1255 ./Middlewares/ST/STM32_USB_Device_Library/Core/Src/usbd_core.o
 .debug_info    0x0000ba97      0xfe5 ./Middlewares/ST/STM32_USB_Device_Library/Core/Src/usbd_ctlreq.o
 .debug_info    0x0000ca7c      0x928 ./Middlewares/ST/STM32_USB_Device_Library/Core/Src/usbd_ioreq.o
 .debug_info    0x0000d3a4      0x687 ./USB_Device/App/usb_device.o
 .debug_info    0x0000da2b      0x692 ./USB_Device/App/usbd_desc.o
 .debug_info    0x0000e0bd     0x1fa9 ./USB_Device/Target/usbd_conf.o

.debug_abbrev   0x00000000     0x378f
 .debug_abbrev  0x00000000      0x35b ./Core/Src/main.o
 .debug_abbrev  0x0000035b      0x113 ./Core/Src/stm32g0xx_hal_msp.o
 .debug_abbrev  0x0000046e      0x1e8 ./Core/Src/stm32g0xx_it.o
 .debug_abbrev  0x00000656      0x148 ./Core/Src/system_stm32g0xx.o
 .debug_abbrev  0x0000079e      0x32c ./Core/Src/usbd_hid_keyboard.o
 .debug_abbrev  0x00000aca       0x24 ./Core/Startup/startup_stm32g0b1kbuxn.o
 .debug_abbrev  0x00000aee      0x30a ./Drivers/STM32G0xx_HAL_Driver/Src/stm32g0xx_hal.o
 .debug_abbrev  0x00000df8      0x2cb ./Drivers/STM32G0xx_HAL_Driver/Src/stm32g0xx_hal_cortex.o
 .debug_abbrev  0x000010c3      0x25e ./Drivers/STM32G0xx_HAL_Driver/Src/stm32g0xx_hal_gpio.o
 .debug_abbrev  0x00001321      0x412 ./Drivers/STM32G0xx_HAL_Driver/Src/stm32g0xx_hal_pcd.o
 .debug_abbrev  0x00001733      0x2b7 ./Drivers/STM32G0xx_HAL_Driver/Src/stm32g0xx_hal_pcd_ex.o
 .debug_abbrev  0x000019ea      0x28f ./Drivers/STM32G0xx_HAL_Driver/Src/stm32g0xx_hal_pwr_ex.o
 .debug_abbrev  0x00001c79      0x363 ./Drivers/STM32G0xx_HAL_Driver/Src/stm32g0xx_hal_rcc.o
 .debug_abbrev  0x00001fdc      0x2f5 ./Drivers/STM32G0xx_HAL_Driver/Src/stm32g0xx_hal_rcc_ex.o
 .debug_abbrev  0x000022d1      0x33c ./Drivers/STM32G0xx_HAL_Driver/Src/stm32g0xx_ll_usb.o
 .debug_abbrev  0x0000260d      0x395 ./Middlewares/ST/STM32_USB_Device_Library/Core/Src/usbd_core.o
 .debug_abbrev  0x000029a2      0x3c4 ./Middlewares/ST/STM32_USB_Device_Library/Core/Src/usbd_ctlreq.o
 .debug_abbrev  0x00002d66      0x1ca ./Middlewares/ST/STM32_USB_Device_Library/Core/Src/usbd_ioreq.o
 .debug_abbrev  0x00002f30      0x1c5 ./USB_Device/App/usb_device.o
 .debug_abbrev  0x000030f5      0x2ee ./USB_Device/App/usbd_desc.o
 .debug_abbrev  0x000033e3      0x3ac ./USB_Device/Target/usbd_conf.o

.debug_loclists
                0x00000000     0x53ce
 .debug_loclists
                0x00000000       0x37 ./Core/Src/main.o
 .debug_loclists
                0x00000037       0xa0 ./Core/Src/system_stm32g0xx.o
 .debug_loclists
                0x000000d7      0x41a ./Core/Src/usbd_hid_keyboard.o
 .debug_loclists
                0x000004f1      0x138 ./Drivers/STM32G0xx_HAL_Driver/Src/stm32g0xx_hal.o
 .debug_loclists
                0x00000629      0x355 ./Drivers/STM32G0xx_HAL_Driver/Src/stm32g0xx_hal_cortex.o
 .debug_loclists
                0x0000097e      0x283 ./Drivers/STM32G0xx_HAL_Driver/Src/stm32g0xx_hal_gpio.o
 .debug_loclists
                0x00000c01      0xd9b ./Drivers/STM32G0xx_HAL_Driver/Src/stm32g0xx_hal_pcd.o
 .debug_loclists
                0x0000199c      0x1c7 ./Drivers/STM32G0xx_HAL_Driver/Src/stm32g0xx_hal_pcd_ex.o
 .debug_loclists
                0x00001b63      0x295 ./Drivers/STM32G0xx_HAL_Driver/Src/stm32g0xx_hal_pwr_ex.o
 .debug_loclists
                0x00001df8      0x4eb ./Drivers/STM32G0xx_HAL_Driver/Src/stm32g0xx_hal_rcc.o
 .debug_loclists
                0x000022e3      0x5c2 ./Drivers/STM32G0xx_HAL_Driver/Src/stm32g0xx_hal_rcc_ex.o
 .debug_loclists
                0x000028a5      0xfe0 ./Drivers/STM32G0xx_HAL_Driver/Src/stm32g0xx_ll_usb.o
 .debug_loclists
                0x00003885      0x7a8 ./Middlewares/ST/STM32_USB_Device_Library/Core/Src/usbd_core.o
 .debug_loclists
                0x0000402d      0x5d6 ./Middlewares/ST/STM32_USB_Device_Library/Core/Src/usbd_ctlreq.o
 .debug_loclists
                0x00004603      0x214 ./Middlewares/ST/STM32_USB_Device_Library/Core/Src/usbd_ioreq.o
 .debug_loclists
                0x00004817      0x2f2 ./USB_Device/App/usbd_desc.o
 .debug_loclists
                0x00004b09      0x8c5 ./USB_Device/Target/usbd_conf.o

.debug_aranges  0x00000000      0xb48
 .debug_aranges
                0x00000000       0x30 ./Core/Src/main.o
 .debug_aranges
                0x00000030       0x20 ./Core/Src/stm32g0xx_hal_msp.o
 .debug_aranges
                0x00000050       0x48 ./Core/Src/stm32g0xx_it.o
 .debug_aranges
                0x00000098       0x28 ./Core/Src/system_stm32g0xx.o
 .debug_aranges
                0x000000c0       0x68 ./Core/Src/usbd_hid_keyboard.o
 .debug_aranges
                0x00000128       0x28 ./Core/Startup/startup_stm32g0b1kbuxn.o
 .debug_aranges
                0x00000150      0x130 ./Drivers/STM32G0xx_HAL_Driver/Src/stm32g0xx_hal.o
 .debug_aranges
                0x00000280       0xa0 ./Drivers/STM32G0xx_HAL_Driver/Src/stm32g0xx_hal_cortex.o
 .debug_aranges
                0x00000320       0x60 ./Drivers/STM32G0xx_HAL_Driver/Src/stm32g0xx_hal_gpio.o
 .debug_aranges
                0x00000380      0x130 ./Drivers/STM32G0xx_HAL_Driver/Src/stm32g0xx_hal_pcd.o
 .debug_aranges
                0x000004b0       0x58 ./Drivers/STM32G0xx_HAL_Driver/Src/stm32g0xx_hal_pcd_ex.o
 .debug_aranges
                0x00000508      0x128 ./Drivers/STM32G0xx_HAL_Driver/Src/stm32g0xx_hal_pwr_ex.o
 .debug_aranges
                0x00000630       0x98 ./Drivers/STM32G0xx_HAL_Driver/Src/stm32g0xx_hal_rcc.o
 .debug_aranges
                0x000006c8       0x88 ./Drivers/STM32G0xx_HAL_Driver/Src/stm32g0xx_hal_rcc_ex.o
 .debug_aranges
                0x00000750       0xf0 ./Drivers/STM32G0xx_HAL_Driver/Src/stm32g0xx_ll_usb.o
 .debug_aranges
                0x00000840       0xd8 ./Middlewares/ST/STM32_USB_Device_Library/Core/Src/usbd_core.o
 .debug_aranges
                0x00000918       0x50 ./Middlewares/ST/STM32_USB_Device_Library/Core/Src/usbd_ctlreq.o
 .debug_aranges
                0x00000968       0x50 ./Middlewares/ST/STM32_USB_Device_Library/Core/Src/usbd_ioreq.o
 .debug_aranges
                0x000009b8       0x20 ./USB_Device/App/usb_device.o
 .debug_aranges
                0x000009d8       0x58 ./USB_Device/App/usbd_desc.o
 .debug_aranges
                0x00000a30      0x118 ./USB_Device/Target/usbd_conf.o

.debug_rnglists
                0x00000000      0xbcf
 .debug_rnglists
                0x00000000       0x7c ./Core/Src/main.o
 .debug_rnglists
                0x0000007c       0x37 ./Core/Src/stm32g0xx_hal_msp.o
 .debug_rnglists
                0x000000b3       0x31 ./Core/Src/stm32g0xx_it.o
 .debug_rnglists
                0x000000e4       0x1a ./Core/Src/system_stm32g0xx.o
 .debug_rnglists
                0x000000fe       0x4a ./Core/Src/usbd_hid_keyboard.o
 .debug_rnglists
                0x00000148       0x19 ./Core/Startup/startup_stm32g0b1kbuxn.o
 .debug_rnglists
                0x00000161       0xdf ./Drivers/STM32G0xx_HAL_Driver/Src/stm32g0xx_hal.o
 .debug_rnglists
                0x00000240       0xa3 ./Drivers/STM32G0xx_HAL_Driver/Src/stm32g0xx_hal_cortex.o
 .debug_rnglists
                0x000002e3       0x45 ./Drivers/STM32G0xx_HAL_Driver/Src/stm32g0xx_hal_gpio.o
 .debug_rnglists
                0x00000328      0x188 ./Drivers/STM32G0xx_HAL_Driver/Src/stm32g0xx_hal_pcd.o
 .debug_rnglists
                0x000004b0       0x3d ./Drivers/STM32G0xx_HAL_Driver/Src/stm32g0xx_hal_pcd_ex.o
 .debug_rnglists
                0x000004ed       0xdc ./Drivers/STM32G0xx_HAL_Driver/Src/stm32g0xx_hal_pwr_ex.o
 .debug_rnglists
                0x000005c9       0x96 ./Drivers/STM32G0xx_HAL_Driver/Src/stm32g0xx_hal_rcc.o
 .debug_rnglists
                0x0000065f       0xa6 ./Drivers/STM32G0xx_HAL_Driver/Src/stm32g0xx_hal_rcc_ex.o
 .debug_rnglists
                0x00000705      0x211 ./Drivers/STM32G0xx_HAL_Driver/Src/stm32g0xx_ll_usb.o
 .debug_rnglists
                0x00000916       0xab ./Middlewares/ST/STM32_USB_Device_Library/Core/Src/usbd_core.o
 .debug_rnglists
                0x000009c1       0x80 ./Middlewares/ST/STM32_USB_Device_Library/Core/Src/usbd_ctlreq.o
 .debug_rnglists
                0x00000a41       0x37 ./Middlewares/ST/STM32_USB_Device_Library/Core/Src/usbd_ioreq.o
 .debug_rnglists
                0x00000a78       0x13 ./USB_Device/App/usb_device.o
 .debug_rnglists
                0x00000a8b       0x6a ./USB_Device/App/usbd_desc.o
 .debug_rnglists
                0x00000af5       0xda ./USB_Device/Target/usbd_conf.o

.debug_macro    0x00000000    0x1d32b
 .debug_macro   0x00000000      0x389 ./Core/Src/main.o
 .debug_macro   0x00000389      0xab4 ./Core/Src/main.o
 .debug_macro   0x00000e3d      0x124 ./Core/Src/main.o
 .debug_macro   0x00000f61       0x2e ./Core/Src/main.o
 .debug_macro   0x00000f8f       0x28 ./Core/Src/main.o
 .debug_macro   0x00000fb7       0x22 ./Core/Src/main.o
 .debug_macro   0x00000fd9       0x8e ./Core/Src/main.o
 .debug_macro   0x00001067       0x51 ./Core/Src/main.o
 .debug_macro   0x000010b8      0x103 ./Core/Src/main.o
 .debug_macro   0x000011bb       0x6a ./Core/Src/main.o
 .debug_macro   0x00001225      0x1df ./Core/Src/main.o
 .debug_macro   0x00001404       0x1c ./Core/Src/main.o
 .debug_macro   0x00001420       0x22 ./Core/Src/main.o
 .debug_macro   0x00001442       0xd1 ./Core/Src/main.o
 .debug_macro   0x00001513      0x4da ./Core/Src/main.o
 .debug_macro   0x000019ed      0x11f ./Core/Src/main.o
 .debug_macro   0x00001b0c     0xf46a ./Core/Src/main.o
 .debug_macro   0x00010f76       0x66 ./Core/Src/main.o
 .debug_macro   0x00010fdc     0x3527 ./Core/Src/main.o
 .debug_macro   0x00014503      0x190 ./Core/Src/main.o
 .debug_macro   0x00014693       0x5c ./Core/Src/main.o
 .debug_macro   0x000146ef      0x72c ./Core/Src/main.o
 .debug_macro   0x00014e1b     0x1579 ./Core/Src/main.o
 .debug_macro   0x00016394      0x535 ./Core/Src/main.o
 .debug_macro   0x000168c9      0x1cf ./Core/Src/main.o
 .debug_macro   0x00016a98      0x25b ./Core/Src/main.o
 .debug_macro   0x00016cf3      0x4f5 ./Core/Src/main.o
 .debug_macro   0x000171e8      0x280 ./Core/Src/main.o
 .debug_macro   0x00017468      0x417 ./Core/Src/main.o
 .debug_macro   0x0001787f      0x1b2 ./Core/Src/main.o
 .debug_macro   0x00017a31       0x43 ./Core/Src/main.o
 .debug_macro   0x00017a74      0x1f1 ./Core/Src/main.o
 .debug_macro   0x00017c65      0x1e4 ./Core/Src/main.o
 .debug_macro   0x00017e49      0x3f3 ./Core/Src/main.o
 .debug_macro   0x0001823c       0x28 ./Core/Src/main.o
 .debug_macro   0x00018264      0x123 ./Core/Src/main.o
 .debug_macro   0x00018387      0x224 ./Core/Src/main.o
 .debug_macro   0x000185ab      0x17e ./Core/Src/main.o
 .debug_macro   0x00018729      0x145 ./Core/Src/main.o
 .debug_macro   0x0001886e      0x320 ./Core/Src/main.o
 .debug_macro   0x00018b8e      0x5df ./Core/Src/main.o
 .debug_macro   0x0001916d       0xac ./Core/Src/main.o
 .debug_macro   0x00019219       0x61 ./Core/Src/main.o
 .debug_macro   0x0001927a       0x24 ./Core/Src/main.o
 .debug_macro   0x0001929e       0x43 ./Core/Src/main.o
 .debug_macro   0x000192e1       0x34 ./Core/Src/main.o
 .debug_macro   0x00019315       0x16 ./Core/Src/main.o
 .debug_macro   0x0001932b       0x3c ./Core/Src/main.o
 .debug_macro   0x00019367      0x370 ./Core/Src/main.o
 .debug_macro   0x000196d7       0x10 ./Core/Src/main.o
 .debug_macro   0x000196e7       0x16 ./Core/Src/main.o
 .debug_macro   0x000196fd       0x4a ./Core/Src/main.o
 .debug_macro   0x00019747       0x34 ./Core/Src/main.o
 .debug_macro   0x0001977b       0x10 ./Core/Src/main.o
 .debug_macro   0x0001978b       0x58 ./Core/Src/main.o
 .debug_macro   0x000197e3       0x8e ./Core/Src/main.o
 .debug_macro   0x00019871       0x1c ./Core/Src/main.o
 .debug_macro   0x0001988d      0x185 ./Core/Src/main.o
 .debug_macro   0x00019a12       0x16 ./Core/Src/main.o
 .debug_macro   0x00019a28       0x16 ./Core/Src/main.o
 .debug_macro   0x00019a3e      0x146 ./Core/Src/main.o
 .debug_macro   0x00019b84       0x16 ./Core/Src/main.o
 .debug_macro   0x00019b9a       0x16 ./Core/Src/main.o
 .debug_macro   0x00019bb0       0x29 ./Core/Src/main.o
 .debug_macro   0x00019bd9       0x16 ./Core/Src/main.o
 .debug_macro   0x00019bef       0x20 ./Core/Src/main.o
 .debug_macro   0x00019c0f       0x65 ./Core/Src/main.o
 .debug_macro   0x00019c74      0x20f ./Core/Src/main.o
 .debug_macro   0x00019e83       0x5f ./Core/Src/main.o
 .debug_macro   0x00019ee2      0x1ea ./Core/Src/stm32g0xx_hal_msp.o
 .debug_macro   0x0001a0cc      0x1f4 ./Core/Src/stm32g0xx_it.o
 .debug_macro   0x0001a2c0      0x1db ./Core/Src/system_stm32g0xx.o
 .debug_macro   0x0001a49b      0x373 ./Core/Src/usbd_hid_keyboard.o
 .debug_macro   0x0001a80e       0x9e ./Core/Src/usbd_hid_keyboard.o
 .debug_macro   0x0001a8ac      0x112 ./Core/Src/usbd_hid_keyboard.o
 .debug_macro   0x0001a9be       0x56 ./Core/Src/usbd_hid_keyboard.o
 .debug_macro   0x0001aa14       0xb2 ./Core/Src/usbd_hid_keyboard.o
 .debug_macro   0x0001aac6      0x1ff ./Drivers/STM32G0xx_HAL_Driver/Src/stm32g0xx_hal.o
 .debug_macro   0x0001acc5      0x1db ./Drivers/STM32G0xx_HAL_Driver/Src/stm32g0xx_hal_cortex.o
 .debug_macro   0x0001aea0      0x1e2 ./Drivers/STM32G0xx_HAL_Driver/Src/stm32g0xx_hal_gpio.o
 .debug_macro   0x0001b082      0x1e7 ./Drivers/STM32G0xx_HAL_Driver/Src/stm32g0xx_hal_pcd.o
 .debug_macro   0x0001b269      0x1db ./Drivers/STM32G0xx_HAL_Driver/Src/stm32g0xx_hal_pcd_ex.o
 .debug_macro   0x0001b444      0x205 ./Drivers/STM32G0xx_HAL_Driver/Src/stm32g0xx_hal_pwr_ex.o
 .debug_macro   0x0001b649      0x223 ./Drivers/STM32G0xx_HAL_Driver/Src/stm32g0xx_hal_rcc.o
 .debug_macro   0x0001b86c      0x1f3 ./Drivers/STM32G0xx_HAL_Driver/Src/stm32g0xx_hal_rcc_ex.o
 .debug_macro   0x0001ba5f      0x1db ./Drivers/STM32G0xx_HAL_Driver/Src/stm32g0xx_ll_usb.o
 .debug_macro   0x0001bc3a      0x351 ./Middlewares/ST/STM32_USB_Device_Library/Core/Src/usbd_core.o
 .debug_macro   0x0001bf8b      0x215 ./Middlewares/ST/STM32_USB_Device_Library/Core/Src/usbd_core.o
 .debug_macro   0x0001c1a0      0x35b ./Middlewares/ST/STM32_USB_Device_Library/Core/Src/usbd_ctlreq.o
 .debug_macro   0x0001c4fb      0x357 ./Middlewares/ST/STM32_USB_Device_Library/Core/Src/usbd_ioreq.o
 .debug_macro   0x0001c852      0x390 ./USB_Device/App/usb_device.o
 .debug_macro   0x0001cbe2       0x22 ./USB_Device/App/usb_device.o
 .debug_macro   0x0001cc04      0x38e ./USB_Device/App/usbd_desc.o
 .debug_macro   0x0001cf92       0x1c ./USB_Device/App/usbd_desc.o
 .debug_macro   0x0001cfae      0x37d ./USB_Device/Target/usbd_conf.o

.debug_line     0x00000000    0x12769
 .debug_line    0x00000000      0xe0b ./Core/Src/main.o
 .debug_line    0x00000e0b      0x798 ./Core/Src/stm32g0xx_hal_msp.o
 .debug_line    0x000015a3      0x7f8 ./Core/Src/stm32g0xx_it.o
 .debug_line    0x00001d9b      0x833 ./Core/Src/system_stm32g0xx.o
 .debug_line    0x000025ce      0xd15 ./Core/Src/usbd_hid_keyboard.o
 .debug_line    0x000032e3       0x7b ./Core/Startup/startup_stm32g0b1kbuxn.o
 .debug_line    0x0000335e      0xcf9 ./Drivers/STM32G0xx_HAL_Driver/Src/stm32g0xx_hal.o
 .debug_line    0x00004057      0xc81 ./Drivers/STM32G0xx_HAL_Driver/Src/stm32g0xx_hal_cortex.o
 .debug_line    0x00004cd8      0xcb7 ./Drivers/STM32G0xx_HAL_Driver/Src/stm32g0xx_hal_gpio.o
 .debug_line    0x0000598f     0x1ce0 ./Drivers/STM32G0xx_HAL_Driver/Src/stm32g0xx_hal_pcd.o
 .debug_line    0x0000766f      0xa15 ./Drivers/STM32G0xx_HAL_Driver/Src/stm32g0xx_hal_pcd_ex.o
 .debug_line    0x00008084      0xddc ./Drivers/STM32G0xx_HAL_Driver/Src/stm32g0xx_hal_pwr_ex.o
 .debug_line    0x00008e60     0x154c ./Drivers/STM32G0xx_HAL_Driver/Src/stm32g0xx_hal_rcc.o
 .debug_line    0x0000a3ac     0x14ca ./Drivers/STM32G0xx_HAL_Driver/Src/stm32g0xx_hal_rcc_ex.o
 .debug_line    0x0000b876     0x1ab3 ./Drivers/STM32G0xx_HAL_Driver/Src/stm32g0xx_ll_usb.o
 .debug_line    0x0000d329     0x1171 ./Middlewares/ST/STM32_USB_Device_Library/Core/Src/usbd_core.o
 .debug_line    0x0000e49a     0x1194 ./Middlewares/ST/STM32_USB_Device_Library/Core/Src/usbd_ctlreq.o
 .debug_line    0x0000f62e      0xb24 ./Middlewares/ST/STM32_USB_Device_Library/Core/Src/usbd_ioreq.o
 .debug_line    0x00010152      0xa17 ./USB_Device/App/usb_device.o
 .debug_line    0x00010b69      0xbb3 ./USB_Device/App/usbd_desc.o
 .debug_line    0x0001171c     0x104d ./USB_Device/Target/usbd_conf.o

.debug_str      0x00000000    0xafa3f
 .debug_str     0x00000000    0xafa3f ./Core/Src/main.o
                              0xace6c (size before relaxing)
 .debug_str     0x000afa3f    0xa8232 ./Core/Src/stm32g0xx_hal_msp.o
 .debug_str     0x000afa3f    0xa8588 ./Core/Src/stm32g0xx_it.o
 .debug_str     0x000afa3f    0xa8026 ./Core/Src/system_stm32g0xx.o
 .debug_str     0x000afa3f    0xacda7 ./Core/Src/usbd_hid_keyboard.o
 .debug_str     0x000afa3f       0x9d ./Core/Startup/startup_stm32g0b1kbuxn.o
 .debug_str     0x000afa3f    0xa8906 ./Drivers/STM32G0xx_HAL_Driver/Src/stm32g0xx_hal.o
 .debug_str     0x000afa3f    0xa8529 ./Drivers/STM32G0xx_HAL_Driver/Src/stm32g0xx_hal_cortex.o
 .debug_str     0x000afa3f    0xa817b ./Drivers/STM32G0xx_HAL_Driver/Src/stm32g0xx_hal_gpio.o
 .debug_str     0x000afa3f    0xa88f6 ./Drivers/STM32G0xx_HAL_Driver/Src/stm32g0xx_hal_pcd.o
 .debug_str     0x000afa3f    0xa84c7 ./Drivers/STM32G0xx_HAL_Driver/Src/stm32g0xx_hal_pcd_ex.o
 .debug_str     0x000afa3f    0xa85a8 ./Drivers/STM32G0xx_HAL_Driver/Src/stm32g0xx_hal_pwr_ex.o
 .debug_str     0x000afa3f    0xa87f2 ./Drivers/STM32G0xx_HAL_Driver/Src/stm32g0xx_hal_rcc.o
 .debug_str     0x000afa3f    0xa869a ./Drivers/STM32G0xx_HAL_Driver/Src/stm32g0xx_hal_rcc_ex.o
 .debug_str     0x000afa3f    0xa847d ./Drivers/STM32G0xx_HAL_Driver/Src/stm32g0xx_ll_usb.o
 .debug_str     0x000afa3f    0xaca74 ./Middlewares/ST/STM32_USB_Device_Library/Core/Src/usbd_core.o
 .debug_str     0x000afa3f    0xac8b7 ./Middlewares/ST/STM32_USB_Device_Library/Core/Src/usbd_ctlreq.o
 .debug_str     0x000afa3f    0xac774 ./Middlewares/ST/STM32_USB_Device_Library/Core/Src/usbd_ioreq.o
 .debug_str     0x000afa3f    0xacb5c ./USB_Device/App/usb_device.o
 .debug_str     0x000afa3f    0xac658 ./USB_Device/App/usbd_desc.o
 .debug_str     0x000afa3f    0xad8b3 ./USB_Device/Target/usbd_conf.o

.comment        0x00000000       0x43
 .comment       0x00000000       0x43 ./Core/Src/main.o
                                 0x44 (size before relaxing)
 .comment       0x00000043       0x44 ./Core/Src/stm32g0xx_hal_msp.o
 .comment       0x00000043       0x44 ./Core/Src/stm32g0xx_it.o
 .comment       0x00000043       0x44 ./Core/Src/system_stm32g0xx.o
 .comment       0x00000043       0x44 ./Core/Src/usbd_hid_keyboard.o
 .comment       0x00000043       0x44 ./Drivers/STM32G0xx_HAL_Driver/Src/stm32g0xx_hal.o
 .comment       0x00000043       0x44 ./Drivers/STM32G0xx_HAL_Driver/Src/stm32g0xx_hal_cortex.o
 .comment       0x00000043       0x44 ./Drivers/STM32G0xx_HAL_Driver/Src/stm32g0xx_hal_gpio.o
 .comment       0x00000043       0x44 ./Drivers/STM32G0xx_HAL_Driver/Src/stm32g0xx_hal_pcd.o
 .comment       0x00000043       0x44 ./Drivers/STM32G0xx_HAL_Driver/Src/stm32g0xx_hal_pcd_ex.o
 .comment       0x00000043       0x44 ./Drivers/STM32G0xx_HAL_Driver/Src/stm32g0xx_hal_pwr_ex.o
 .comment       0x00000043       0x44 ./Drivers/STM32G0xx_HAL_Driver/Src/stm32g0xx_hal_rcc.o
 .comment       0x00000043       0x44 ./Drivers/STM32G0xx_HAL_Driver/Src/stm32g0xx_hal_rcc_ex.o
 .comment       0x00000043       0x44 ./Drivers/STM32G0xx_HAL_Driver/Src/stm32g0xx_ll_usb.o
 .comment       0x00000043       0x44 ./Middlewares/ST/STM32_USB_Device_Library/Core/Src/usbd_core.o
 .comment       0x00000043       0x44 ./Middlewares/ST/STM32_USB_Device_Library/Core/Src/usbd_ctlreq.o
 .comment       0x00000043       0x44 ./Middlewares/ST/STM32_USB_Device_Library/Core/Src/usbd_ioreq.o
 .comment       0x00000043       0x44 ./USB_Device/App/usb_device.o
 .comment       0x00000043       0x44 ./USB_Device/App/usbd_desc.o
 .comment       0x00000043       0x44 ./USB_Device/Target/usbd_conf.o

.debug_frame    0x00000000     0x1a24
 .debug_frame   0x00000000       0x58 ./Core/Src/main.o
 .debug_frame   0x00000058       0x2c ./Core/Src/stm32g0xx_hal_msp.o
 .debug_frame   0x00000084       0x80 ./Core/Src/stm32g0xx_it.o
 .debug_frame   0x00000104       0x38 ./Core/Src/system_stm32g0xx.o
 .debug_frame   0x0000013c      0x100 ./Core/Src/usbd_hid_keyboard.o
 .debug_frame   0x0000023c      0x280 ./Drivers/STM32G0xx_HAL_Driver/Src/stm32g0xx_hal.o
 .debug_frame   0x000004bc      0x130 ./Drivers/STM32G0xx_HAL_Driver/Src/stm32g0xx_hal_cortex.o
 .debug_frame   0x000005ec       0xd0 ./Drivers/STM32G0xx_HAL_Driver/Src/stm32g0xx_hal_gpio.o
 .debug_frame   0x000006bc      0x31c ./Drivers/STM32G0xx_HAL_Driver/Src/stm32g0xx_hal_pcd.o
 .debug_frame   0x000009d8       0xb4 ./Drivers/STM32G0xx_HAL_Driver/Src/stm32g0xx_hal_pcd_ex.o
 .debug_frame   0x00000a8c      0x284 ./Drivers/STM32G0xx_HAL_Driver/Src/stm32g0xx_hal_pwr_ex.o
 .debug_frame   0x00000d10      0x178 ./Drivers/STM32G0xx_HAL_Driver/Src/stm32g0xx_hal_rcc.o
 .debug_frame   0x00000e88      0x154 ./Drivers/STM32G0xx_HAL_Driver/Src/stm32g0xx_hal_rcc_ex.o
 .debug_frame   0x00000fdc      0x24c ./Drivers/STM32G0xx_HAL_Driver/Src/stm32g0xx_ll_usb.o
 .debug_frame   0x00001228      0x228 ./Middlewares/ST/STM32_USB_Device_Library/Core/Src/usbd_core.o
 .debug_frame   0x00001450       0xc8 ./Middlewares/ST/STM32_USB_Device_Library/Core/Src/usbd_ctlreq.o
 .debug_frame   0x00001518       0xb8 ./Middlewares/ST/STM32_USB_Device_Library/Core/Src/usbd_ioreq.o
 .debug_frame   0x000015d0       0x28 ./USB_Device/App/usb_device.o
 .debug_frame   0x000015f8       0xc4 ./USB_Device/App/usbd_desc.o
 .debug_frame   0x000016bc      0x2fc ./USB_Device/Target/usbd_conf.o
 .debug_frame   0x000019b8       0x20 C:/ST/STM32CubeIDE_1.19.0/STM32CubeIDE/plugins/com.st.stm32cube.ide.mcu.externaltools.gnu-tools-for-stm32.13.3.rel1.win32_1.0.0.202411081344/tools/bin/../lib/gcc/arm-none-eabi/13.3.1/../../../../arm-none-eabi/lib/thumb/v6-m/nofp\libc_nano.a(libc_a-memset.o)
 .debug_frame   0x000019d8       0x2c C:/ST/STM32CubeIDE_1.19.0/STM32CubeIDE/plugins/com.st.stm32cube.ide.mcu.externaltools.gnu-tools-for-stm32.13.3.rel1.win32_1.0.0.202411081344/tools/bin/../lib/gcc/arm-none-eabi/13.3.1/../../../../arm-none-eabi/lib/thumb/v6-m/nofp\libc_nano.a(libc_a-init.o)
 .debug_frame   0x00001a04       0x20 C:/ST/STM32CubeIDE_1.19.0/STM32CubeIDE/plugins/com.st.stm32cube.ide.mcu.externaltools.gnu-tools-for-stm32.13.3.rel1.win32_1.0.0.202411081344/tools/bin/../lib/gcc/arm-none-eabi/13.3.1/thumb/v6-m/nofp\libgcc.a(_udivsi3.o)

.debug_line_str
                0x00000000       0x81
 .debug_line_str
                0x00000000       0x81 ./Core/Startup/startup_stm32g0b1kbuxn.o
